Archive member included to satisfy reference by file (symbol)

/opt/ST/STM32CubeCLT_1.21.0/GNU-tools-for-STM32/bin/../lib/gcc/arm-none-eabi/14.3.1/../../../../arm-none-eabi/lib/thumb/v7-m/nofp/libg_nano.a(libc_a-exit.o)
                              /opt/ST/STM32CubeCLT_1.21.0/GNU-tools-for-STM32/bin/../lib/gcc/arm-none-eabi/14.3.1/../../../../arm-none-eabi/lib/thumb/v7-m/nofp/crt0.o (exit)
/opt/ST/STM32CubeCLT_1.21.0/GNU-tools-for-STM32/bin/../lib/gcc/arm-none-eabi/14.3.1/../../../../arm-none-eabi/lib/thumb/v7-m/nofp/libg_nano.a(libc_a-snprintf.o)
                              CMakeFiles/Embedded_system.dir/Core/Src/main.c.obj (snprintf)
/opt/ST/STM32CubeCLT_1.21.0/GNU-tools-for-STM32/bin/../lib/gcc/arm-none-eabi/14.3.1/../../../../arm-none-eabi/lib/thumb/v7-m/nofp/libg_nano.a(libc_a-sscanf.o)
                              CMakeFiles/Embedded_system.dir/Core/Src/main.c.obj (sscanf)
/opt/ST/STM32CubeCLT_1.21.0/GNU-tools-for-STM32/bin/../lib/gcc/arm-none-eabi/14.3.1/../../../../arm-none-eabi/lib/thumb/v7-m/nofp/libg_nano.a(libc_a-stdio.o)
                              /opt/ST/STM32CubeCLT_1.21.0/GNU-tools-for-STM32/bin/../lib/gcc/arm-none-eabi/14.3.1/../../../../arm-none-eabi/lib/thumb/v7-m/nofp/libg_nano.a(libc_a-sscanf.o) (__seofread)
/opt/ST/STM32CubeCLT_1.21.0/GNU-tools-for-STM32/bin/../lib/gcc/arm-none-eabi/14.3.1/../../../../arm-none-eabi/lib/thumb/v7-m/nofp/libg_nano.a(libc_a-rand.o)
                              CMakeFiles/Embedded_system.dir/Core/Src/tetris_game/generate_piece_driver/pieces.c.obj (rand)
/opt/ST/STM32CubeCLT_1.21.0/GNU-tools-for-STM32/bin/../lib/gcc/arm-none-eabi/14.3.1/../../../../arm-none-eabi/lib/thumb/v7-m/nofp/libg_nano.a(libc_a-findfp.o)
                              /opt/ST/STM32CubeCLT_1.21.0/GNU-tools-for-STM32/bin/../lib/gcc/arm-none-eabi/14.3.1/../../../../arm-none-eabi/lib/thumb/v7-m/nofp/libg_nano.a(libc_a-exit.o) (__stdio_exit_handler)
/opt/ST/STM32CubeCLT_1.21.0/GNU-tools-for-STM32/bin/../lib/gcc/arm-none-eabi/14.3.1/../../../../arm-none-eabi/lib/thumb/v7-m/nofp/libg_nano.a(libc_a-fwalk.o)
                              /opt/ST/STM32CubeCLT_1.21.0/GNU-tools-for-STM32/bin/../lib/gcc/arm-none-eabi/14.3.1/../../../../arm-none-eabi/lib/thumb/v7-m/nofp/libg_nano.a(libc_a-findfp.o) (_fwalk_sglue)
/opt/ST/STM32CubeCLT_1.21.0/GNU-tools-for-STM32/bin/../lib/gcc/arm-none-eabi/14.3.1/../../../../arm-none-eabi/lib/thumb/v7-m/nofp/libg_nano.a(libc_a-memcmp.o)
                              CMakeFiles/Embedded_system.dir/Core/Src/lora_transmit/lora_config/lora_config.c.obj (memcmp)
/opt/ST/STM32CubeCLT_1.21.0/GNU-tools-for-STM32/bin/../lib/gcc/arm-none-eabi/14.3.1/../../../../arm-none-eabi/lib/thumb/v7-m/nofp/libg_nano.a(libc_a-memset.o)
                              /opt/ST/STM32CubeCLT_1.21.0/GNU-tools-for-STM32/bin/../lib/gcc/arm-none-eabi/14.3.1/../../../../arm-none-eabi/lib/thumb/v7-m/nofp/crt0.o (memset)
/opt/ST/STM32CubeCLT_1.21.0/GNU-tools-for-STM32/bin/../lib/gcc/arm-none-eabi/14.3.1/../../../../arm-none-eabi/lib/thumb/v7-m/nofp/libg_nano.a(libc_a-lseekr.o)
                              /opt/ST/STM32CubeCLT_1.21.0/GNU-tools-for-STM32/bin/../lib/gcc/arm-none-eabi/14.3.1/../../../../arm-none-eabi/lib/thumb/v7-m/nofp/libg_nano.a(libc_a-stdio.o) (_lseek_r)
/opt/ST/STM32CubeCLT_1.21.0/GNU-tools-for-STM32/bin/../lib/gcc/arm-none-eabi/14.3.1/../../../../arm-none-eabi/lib/thumb/v7-m/nofp/libg_nano.a(libc_a-readr.o)
                              /opt/ST/STM32CubeCLT_1.21.0/GNU-tools-for-STM32/bin/../lib/gcc/arm-none-eabi/14.3.1/../../../../arm-none-eabi/lib/thumb/v7-m/nofp/libg_nano.a(libc_a-stdio.o) (_read_r)
/opt/ST/STM32CubeCLT_1.21.0/GNU-tools-for-STM32/bin/../lib/gcc/arm-none-eabi/14.3.1/../../../../arm-none-eabi/lib/thumb/v7-m/nofp/libg_nano.a(libc_a-writer.o)
                              /opt/ST/STM32CubeCLT_1.21.0/GNU-tools-for-STM32/bin/../lib/gcc/arm-none-eabi/14.3.1/../../../../arm-none-eabi/lib/thumb/v7-m/nofp/libg_nano.a(libc_a-stdio.o) (_write_r)
/opt/ST/STM32CubeCLT_1.21.0/GNU-tools-for-STM32/bin/../lib/gcc/arm-none-eabi/14.3.1/../../../../arm-none-eabi/lib/thumb/v7-m/nofp/libg_nano.a(libc_a-errno.o)
                              CMakeFiles/Embedded_system.dir/Core/Src/sysmem.c.obj (__errno)
/opt/ST/STM32CubeCLT_1.21.0/GNU-tools-for-STM32/bin/../lib/gcc/arm-none-eabi/14.3.1/../../../../arm-none-eabi/lib/thumb/v7-m/nofp/libg_nano.a(libc_a-init.o)
                              /opt/ST/STM32CubeCLT_1.21.0/GNU-tools-for-STM32/bin/../lib/gcc/arm-none-eabi/14.3.1/../../../../arm-none-eabi/lib/thumb/v7-m/nofp/crt0.o (__libc_init_array)
/opt/ST/STM32CubeCLT_1.21.0/GNU-tools-for-STM32/bin/../lib/gcc/arm-none-eabi/14.3.1/../../../../arm-none-eabi/lib/thumb/v7-m/nofp/libg_nano.a(libc_a-lock.o)
                              /opt/ST/STM32CubeCLT_1.21.0/GNU-tools-for-STM32/bin/../lib/gcc/arm-none-eabi/14.3.1/../../../../arm-none-eabi/lib/thumb/v7-m/nofp/libg_nano.a(libc_a-findfp.o) (__retarget_lock_init_recursive)
[...]
Memory Configuration

Name             Origin             Length             Attributes
RAM              0x20000000         0x00005000         xrw
FLASH            0x08000000         0x00010000         xr
*default*        0x00000000         0xffffffff

Linker script and memory map

LOAD /opt/ST/STM32CubeCLT_1.21.0/GNU-tools-for-STM32/bin/../lib/gcc/arm-none-eabi/14.3.1/thumb/v7-m/nofp/crti.o
LOAD /opt/ST/STM32CubeCLT_1.21.0/GNU-tools-for-STM32/bin/../lib/gcc/arm-none-eabi/14.3.1/thumb/v7-m/nofp/crtbegin.o
LOAD /opt/ST/STM32CubeCLT_1.21.0/GNU-tools-for-STM32/bin/../lib/gcc/arm-none-eabi/14.3.1/../../../../arm-none-eabi/lib/thumb/v7-m/nofp/crt0.o
LOAD cmake/stm32cubemx/CMakeFiles/STM32_Drivers.dir/__/__/Core/Src/system_stm32f1xx.c.obj
LOAD cmake/stm32cubemx/CMakeFiles/STM32_Drivers.dir/__/__/Drivers/STM32F1xx_HAL_Driver/Src/stm32f1xx_hal_adc.c.obj
LOAD cmake/stm32cubemx/CMakeFiles/STM32_Drivers.dir/__/__/Drivers/STM32F1xx_HAL_Driver/Src/stm32f1xx_hal_adc_ex.c.obj
LOAD cmake/stm32cubemx/CMakeFiles/STM32_Drivers.dir/__/__/Drivers/STM32F1xx_HAL_Driver/Src/stm32f1xx_hal_gpio_ex.c.obj
LOAD cmake/stm32cubemx/CMakeFiles/STM32_Drivers.dir/__/__/Drivers/STM32F1xx_HAL_Driver/Src/stm32f1xx_hal_i2c.c.obj
LOAD cmake/stm32cubemx/CMakeFiles/STM32_Drivers.dir/__/__/Drivers/STM32F1xx_HAL_Driver/Src/stm32f1xx_hal.c.obj
LOAD cmake/stm32cubemx/CMakeFiles/STM32_Drivers.dir/__/__/Drivers/STM32F1xx_HAL_Driver/Src/stm32f1xx_hal_rcc.c.obj
LOAD cmake/stm32cubemx/CMakeFiles/STM32_Drivers.dir/__/__/Drivers/STM32F1xx_HAL_Driver/Src/stm32f1xx_hal_rcc_ex.c.obj
LOAD cmake/stm32cubemx/CMakeFiles/STM32_Drivers.dir/__/__/Drivers/STM32F1xx_HAL_Driver/Src/stm32f1xx_hal_gpio.c.obj
LOAD cmake/stm32cubemx/CMakeFiles/STM32_Drivers.dir/__/__/Drivers/STM32F1xx_HAL_Driver/Src/stm32f1xx_hal_dma.c.obj
LOAD cmake/stm32cubemx/CMakeFiles/STM32_Drivers.dir/__/__/Drivers/STM32F1xx_HAL_Driver/Src/stm32f1xx_hal_cortex.c.obj
LOAD cmake/stm32cubemx/CMakeFiles/STM32_Drivers.dir/__/__/Drivers/STM32F1xx_HAL_Driver/Src/stm32f1xx_hal_pwr.c.obj
LOAD cmake/stm32cubemx/CMakeFiles/STM32_Drivers.dir/__/__/Drivers/STM32F1xx_HAL_Driver/Src/stm32f1xx_hal_rtc.c.obj
LOAD cmake/stm32cubemx/CMakeFiles/STM32_Drivers.dir/__/__/Drivers/STM32F1xx_HAL_Driver/Src/stm32f1xx_hal_rtc_ex.c.obj
LOAD cmake/stm32cubemx/CMakeFiles/STM32_Drivers.dir/__/__/Drivers/STM32F1xx_HAL_Driver/Src/stm32f1xx_hal_flash.c.obj
LOAD cmake/stm32cubemx/CMakeFiles/STM32_Drivers.dir/__/__/Drivers/STM32F1xx_HAL_Driver/Src/stm32f1xx_hal_flash_ex.c.obj
LOAD cmake/stm32cubemx/CMakeFiles/STM32_Drivers.dir/__/__/Drivers/STM32F1xx_HAL_Driver/Src/stm32f1xx_hal_exti.c.obj
LOAD cmake/stm32cubemx/CMakeFiles/STM32_Drivers.dir/__/__/Drivers/STM32F1xx_HAL_Driver/Src/stm32f1xx_hal_spi.c.obj
LOAD cmake/stm32cubemx/CMakeFiles/STM32_Drivers.dir/__/__/Drivers/STM32F1xx_HAL_Driver/Src/stm32f1xx_hal_uart.c.obj
LOAD cmake/stm32cubemx/CMakeFiles/STM32_Drivers.dir/__/__/Drivers/STM32F1xx_HAL_Driver/Src/stm32f1xx_hal_tim.c.obj
LOAD cmake/stm32cubemx/CMakeFiles/STM32_Drivers.dir/__/__/Drivers/STM32F1xx_HAL_Driver/Src/stm32f1xx_hal_tim_ex.c.obj
LOAD CMakeFiles/Embedded_system.dir/Core/Src/tetris_game/tetris_factory/tetris_factory.c.obj
LOAD CMakeFiles/Embedded_system.dir/Core/Src/tetris_game/ICMax7219_driver/ICMax7219_driver.c.obj
LOAD CMakeFiles/Embedded_system.dir/Core/Src/peripheral/spi/spi.c.obj
LOAD CMakeFiles/Embedded_system.dir/Core/Src/peripheral/gpio/gpio.c.obj
LOAD CMakeFiles/Embedded_system.dir/Core/Src/peripheral/rcc/rcc.c.obj
LOAD CMakeFiles/Embedded_system.dir/Core/Src/peripheral/tim/tim.c.obj
LOAD CMakeFiles/Embedded_system.dir/Core/Src/tetris_game/generate_piece_driver/pieces.c.obj
LOAD CMakeFiles/Embedded_system.dir/Core/Src/peripheral/i2c/i2c/i2c.c.obj
LOAD CMakeFiles/Embedded_system.dir/Core/Src/peripheral/i2c/lcd_config/lcd_config.c.obj
LOAD CMakeFiles/Embedded_system.dir/Core/Src/sensor_manager/dht11_driver/dht11.c.obj
LOAD CMakeFiles/Embedded_system.dir/Core/Src/peripheral/adc/adc.c.obj
LOAD CMakeFiles/Embedded_system.dir/Core/Src/peripheral/usart/usart.c.obj
LOAD CMakeFiles/Embedded_system.dir/Core/Src/lora_transmit/lora_send/lora_send.c.obj
LOAD CMakeFiles/Embedded_system.dir/Core/Src/lora_transmit/lora_receive/lora_receive.c.obj
LOAD CMakeFiles/Embedded_system.dir/Core/Src/lora_transmit/lora_config/lora_config.c.obj
LOAD CMakeFiles/Embedded_system.dir/Core/Src/tetris_game/matrix_stack/matrix_stack.c.obj
LOAD CMakeFiles/Embedded_system.dir/Core/Src/interrupt/interrupt.c.obj
LOAD CMakeFiles/Embedded_system.dir/Core/Src/main.c.obj
LOAD CMakeFiles/Embedded_system.dir/Core/Src/stm32f1xx_it.c.obj
LOAD CMakeFiles/Embedded_system.dir/Core/Src/stm32f1xx_hal_msp.c.obj
LOAD CMakeFiles/Embedded_system.dir/Core/Src/sysmem.c.obj
LOAD CMakeFiles/Embedded_system.dir/Core/Src/syscalls.c.obj
LOAD CMakeFiles/Embedded_system.dir/startup_stm32f103xb.s.obj
LOAD /opt/ST/STM32CubeCLT_1.21.0/GNU-tools-for-STM32/bin/../lib/gcc/arm-none-eabi/14.3.1/../../../../arm-none-eabi/lib/thumb/v7-m/nofp/libm.a
START GROUP
LOAD /opt/ST/STM32CubeCLT_1.21.0/GNU-tools-for-STM32/bin/../lib/gcc/arm-none-eabi/14.3.1/thumb/v7-m/nofp/libgcc.a
LOAD /opt/ST/STM32CubeCLT_1.21.0/GNU-tools-for-STM32/bin/../lib/gcc/arm-none-eabi/14.3.1/../../../../arm-none-eabi/lib/thumb/v7-m/nofp/libg_nano.a
LOAD /opt/ST/STM32CubeCLT_1.21.0/GNU-tools-for-STM32/bin/../lib/gcc/arm-none-eabi/14.3.1/../../../../arm-none-eabi/lib/thumb/v7-m/nofp/libc_nano.a
END GROUP
START GROUP
LOAD /opt/ST/STM32CubeCLT_1.21.0/GNU-tools-for-STM32/bin/../lib/gcc/arm-none-eabi/14.3.1/thumb/v7-m/nofp/libgcc.a
LOAD /opt/ST/STM32CubeCLT_1.21.0/GNU-tools-for-STM32/bin/../lib/gcc/arm-none-eabi/14.3.1/../../../../arm-none-eabi/lib/thumb/v7-m/nofp/libc_nano.a
END GROUP
LOAD /opt/ST/STM32CubeCLT_1.21.0/GNU-tools-for-STM32/bin/../lib/gcc/arm-none-eabi/14.3.1/thumb/v7-m/nofp/crtend.o
LOAD /opt/ST/STM32CubeCLT_1.21.0/GNU-tools-for-STM32/bin/../lib/gcc/arm-none-eabi/14.3.1/thumb/v7-m/nofp/crtn.o
                0x20005000                        _estack = (ORIGIN (RAM) + LENGTH (RAM))
                0x00000200                        _Min_Heap_Size = 0x200
                0x00000400                        _Min_Stack_Size = 0x400

.isr_vector     0x08000000      0x10c
                0x08000000                        . = ALIGN (0x4)
 *(.isr_vector)
 .isr_vector    0x08000000      0x10c CMakeFiles/Embedded_system.dir/startup_stm32f103xb.s.obj
                0x08000000                g_pfnVectors
                0x0800010c                        . = ALIGN (0x4)

.text           0x0800010c     0x6a7c
                0x0800010c                        . = ALIGN (0x4)
 *(.text)
 .text          0x0800010c       0x40 /opt/ST/STM32CubeCLT_1.21.0/GNU-tools-for-STM32/bin/../lib/gcc/arm-none-eabi/14.3.1/thumb/v7-m/nofp/crtbegin.o
 .text          0x0800014c       0x10 /opt/ST/STM32CubeCLT_1.21.0/GNU-tools-for-STM32/bin/../lib/gcc/arm-none-eabi/14.3.1/../../../../arm-none-eabi/lib/thumb/v7-m/nofp/libg_nano.a(libc_a-strlen.o)
                0x0800014c                strlen
 *(.text*)
 .text.SystemInit
                0x0800015c        0xc cmake/stm32cubemx/CMakeFiles/STM32_Drivers.dir/__/__/Core/Src/system_stm32f1xx.c.obj
                0x0800015c                SystemInit
 .text.HAL_I2C_Init
                0x08000168      0x288 cmake/stm32cubemx/CMakeFiles/STM32_Drivers.dir/__/__/Drivers/STM32F1xx_HAL_Driver/Src/stm32f1xx_hal_i2c.c.obj
                0x08000168                HAL_I2C_Init
 .text.HAL_I2C_Master_Transmit
                0x080003f0      0x1fc cmake/stm32cubemx/CMakeFiles/STM32_Drivers.dir/__/__/Drivers/STM32F1xx_HAL_Driver/Src/stm32f1xx_hal_i2c.c.obj
                0x080003f0                HAL_I2C_Master_Transmit
 .text.I2C_MasterRequestWrite
                0x080005ec      0x104 cmake/stm32cubemx/CMakeFiles/STM32_Drivers.dir/__/__/Drivers/STM32F1xx_HAL_Driver/Src/stm32f1xx_hal_i2c.c.obj
 .text.I2C_WaitOnFlagUntilTimeout
                0x080006f0       0xf4 cmake/stm32cubemx/CMakeFiles/STM32_Drivers.dir/__/__/Drivers/STM32F1xx_HAL_Driver/Src/stm32f1xx_hal_i2c.c.obj
 .text.I2C_WaitOnMasterAddressFlagUntilTimeout
                0x080007e4      0x140 cmake/stm32cubemx/CMakeFiles/STM32_Drivers.dir/__/__/Drivers/STM32F1xx_HAL_Driver/Src/stm32f1xx_hal_i2c.c.obj
 .text.I2C_WaitOnTXEFlagUntilTimeout
                0x08000924       0x90 cmake/stm32cubemx/CMakeFiles/STM32_Drivers.dir/__/__/Drivers/STM32F1xx_HAL_Driver/Src/stm32f1xx_hal_i2c.c.obj
 .text.I2C_WaitOnBTFFlagUntilTimeout
                0x080009b4       0x90 cmake/stm32cubemx/CMakeFiles/STM32_Drivers.dir/__/__/Drivers/STM32F1xx_HAL_Driver/Src/stm32f1xx_hal_i2c.c.obj
 .text.I2C_IsAcknowledgeFailed
                0x08000a44       0x5c cmake/stm32cubemx/CMakeFiles/STM32_Drivers.dir/__/__/Drivers/STM32F1xx_HAL_Driver/Src/stm32f1xx_hal_i2c.c.obj
 .text.HAL_Init
                0x08000aa0       0x2c cmake/stm32cubemx/CMakeFiles/STM32_Drivers.dir/__/__/Drivers/STM32F1xx_HAL_Driver/Src/stm32f1xx_hal.c.obj
                0x08000aa0                HAL_Init
 .text.HAL_InitTick
                0x08000acc       0x60 cmake/stm32cubemx/CMakeFiles/STM32_Drivers.dir/__/__/Drivers/STM32F1xx_HAL_Driver/Src/stm32f1xx_hal.c.obj
                0x08000acc                HAL_InitTick
 .text.HAL_IncTick
                0x08000b2c       0x24 cmake/stm32cubemx/CMakeFiles/STM32_Drivers.dir/__/__/Drivers/STM32F1xx_HAL_Driver/Src/stm32f1xx_hal.c.obj
                0x08000b2c                HAL_IncTick
 .text.HAL_GetTick
                0x08000b50       0x14 cmake/stm32cubemx/CMakeFiles/STM32_Drivers.dir/__/__/Drivers/STM32F1xx_HAL_Driver/Src/stm32f1xx_hal.c.obj
                0x08000b50                HAL_GetTick
 .text.HAL_Delay
                0x08000b64       0x48 cmake/stm32cubemx/CMakeFiles/STM32_Drivers.dir/__/__/Drivers/STM32F1xx_HAL_Driver/Src/stm32f1xx_hal.c.obj
                0x08000b64                HAL_Delay
 .text.HAL_RCC_OscConfig
                0x08000bac      0x504 cmake/stm32cubemx/CMakeFiles/STM32_Drivers.dir/__/__/Drivers/STM32F1xx_HAL_Driver/Src/stm32f1xx_hal_rcc.c.obj
                0x08000bac                HAL_RCC_OscConfig
 .text.HAL_RCC_ClockConfig
                0x080010b0      0x1d4 cmake/stm32cubemx/CMakeFiles/STM32_Drivers.dir/__/__/Drivers/STM32F1xx_HAL_Driver/Src/stm32f1xx_hal_rcc.c.obj
                0x080010b0                HAL_RCC_ClockConfig
 .text.HAL_RCC_GetSysClockFreq
                0x08001284       0xa8 cmake/stm32cubemx/CMakeFiles/STM32_Drivers.dir/__/__/Drivers/STM32F1xx_HAL_Driver/Src/stm32f1xx_hal_rcc.c.obj
                0x08001284                HAL_RCC_GetSysClockFreq
 .text.HAL_RCC_GetHCLKFreq
                0x0800132c       0x14 cmake/stm32cubemx/CMakeFiles/STM32_Drivers.dir/__/__/Drivers/STM32F1xx_HAL_Driver/Src/stm32f1xx_hal_rcc.c.obj
                0x0800132c                HAL_RCC_GetHCLKFreq
 .text.HAL_RCC_GetPCLK1Freq
                0x08001340       0x28 cmake/stm32cubemx/CMakeFiles/STM32_Drivers.dir/__/__/Drivers/STM32F1xx_HAL_Driver/Src/stm32f1xx_hal_rcc.c.obj
                0x08001340                HAL_RCC_GetPCLK1Freq
 .text.HAL_RCC_GetPCLK2Freq
                0x08001368       0x28 cmake/stm32cubemx/CMakeFiles/STM32_Drivers.dir/__/__/Drivers/STM32F1xx_HAL_Driver/Src/stm32f1xx_hal_rcc.c.obj
                0x08001368                HAL_RCC_GetPCLK2Freq
 .text.RCC_Delay
                0x08001390       0x3c cmake/stm32cubemx/CMakeFiles/STM32_Drivers.dir/__/__/Drivers/STM32F1xx_HAL_Driver/Src/stm32f1xx_hal_rcc.c.obj
 .text.HAL_GPIO_Init
                0x080013cc      0x308 cmake/stm32cubemx/CMakeFiles/STM32_Drivers.dir/__/__/Drivers/STM32F1xx_HAL_Driver/Src/stm32f1xx_hal_gpio.c.obj
                0x080013cc                HAL_GPIO_Init
 .text.HAL_GPIO_ReadPin
                0x080016d4       0x2e cmake/stm32cubemx/CMakeFiles/STM32_Drivers.dir/__/__/Drivers/STM32F1xx_HAL_Driver/Src/stm32f1xx_hal_gpio.c.obj
                0x080016d4                HAL_GPIO_ReadPin
 .text.HAL_GPIO_WritePin
                0x08001702       0x30 cmake/stm32cubemx/CMakeFiles/STM32_Drivers.dir/__/__/Drivers/STM32F1xx_HAL_Driver/Src/stm32f1xx_hal_gpio.c.obj
                0x08001702                HAL_GPIO_WritePin
 *fill*         0x08001732        0x2 
 .text.HAL_GPIO_EXTI_IRQHandler
                0x08001734       0x30 cmake/stm32cubemx/CMakeFiles/STM32_Drivers.dir/__/__/Drivers/STM32F1xx_HAL_Driver/Src/stm32f1xx_hal_gpio.c.obj
                0x08001734                HAL_GPIO_EXTI_IRQHandler
 .text.HAL_DMA_Abort
                0x08001764       0x76 cmake/stm32cubemx/CMakeFiles/STM32_Drivers.dir/__/__/Drivers/STM32F1xx_HAL_Driver/Src/stm32f1xx_hal_dma.c.obj
                0x08001764                HAL_DMA_Abort
 *fill*         0x080017da        0x2 
 .text.HAL_DMA_Abort_IT
                0x080017dc       0xf0 cmake/stm32cubemx/CMakeFiles/STM32_Drivers.dir/__/__/Drivers/STM32F1xx_HAL_Driver/Src/stm32f1xx_hal_dma.c.obj
                0x080017dc                HAL_DMA_Abort_IT
 .text.HAL_DMA_GetError
                0x080018cc       0x16 cmake/stm32cubemx/CMakeFiles/STM32_Drivers.dir/__/__/Drivers/STM32F1xx_HAL_Driver/Src/stm32f1xx_hal_dma.c.obj
                0x080018cc                HAL_DMA_GetError
 *fill*         0x080018e2        0x2 
 .text.__NVIC_SetPriorityGrouping
                0x080018e4       0x48 cmake/stm32cubemx/CMakeFiles/STM32_Drivers.dir/__/__/Drivers/STM32F1xx_HAL_Driver/Src/stm32f1xx_hal_cortex.c.obj
 .text.__NVIC_GetPriorityGrouping
                0x0800192c       0x1c cmake/stm32cubemx/CMakeFiles/STM32_Drivers.dir/__/__/Drivers/STM32F1xx_HAL_Driver/Src/stm32f1xx_hal_cortex.c.obj
 .text.__NVIC_EnableIRQ
                0x08001948       0x38 cmake/stm32cubemx/CMakeFiles/STM32_Drivers.dir/__/__/Drivers/STM32F1xx_HAL_Driver/Src/stm32f1xx_hal_cortex.c.obj
 .text.__NVIC_SetPriority
                0x08001980       0x54 cmake/stm32cubemx/CMakeFiles/STM32_Drivers.dir/__/__/Drivers/STM32F1xx_HAL_Driver/Src/stm32f1xx_hal_cortex.c.obj
 .text.NVIC_EncodePriority
                0x080019d4       0x64 cmake/stm32cubemx/CMakeFiles/STM32_Drivers.dir/__/__/Drivers/STM32F1xx_HAL_Driver/Src/stm32f1xx_hal_cortex.c.obj
 .text.SysTick_Config
                0x08001a38       0x44 cmake/stm32cubemx/CMakeFiles/STM32_Drivers.dir/__/__/Drivers/STM32F1xx_HAL_Driver/Src/stm32f1xx_hal_cortex.c.obj
 .text.HAL_NVIC_SetPriorityGrouping
                0x08001a7c       0x16 cmake/stm32cubemx/CMakeFiles/STM32_Drivers.dir/__/__/Drivers/STM32F1xx_HAL_Driver/Src/stm32f1xx_hal_cortex.c.obj
                0x08001a7c                HAL_NVIC_SetPriorityGrouping
 .text.HAL_NVIC_SetPriority
                0x08001a92       0x38 cmake/stm32cubemx/CMakeFiles/STM32_Drivers.dir/__/__/Drivers/STM32F1xx_HAL_Driver/Src/stm32f1xx_hal_cortex.c.obj
                0x08001a92                HAL_NVIC_SetPriority
 .text.HAL_NVIC_EnableIRQ
                0x08001aca       0x1c cmake/stm32cubemx/CMakeFiles/STM32_Drivers.dir/__/__/Drivers/STM32F1xx_HAL_Driver/Src/stm32f1xx_hal_cortex.c.obj
                0x08001aca                HAL_NVIC_EnableIRQ
 .text.HAL_SYSTICK_Config
                0x08001ae6       0x18 cmake/stm32cubemx/CMakeFiles/STM32_Drivers.dir/__/__/Drivers/STM32F1xx_HAL_Driver/Src/stm32f1xx_hal_cortex.c.obj
                0x08001ae6                HAL_SYSTICK_Config
 .text.HAL_SPI_Init
                0x08001afe      0x108 cmake/stm32cubemx/CMakeFiles/STM32_Drivers.dir/__/__/Drivers/STM32F1xx_HAL_Driver/Src/stm32f1xx_hal_spi.c.obj
                0x08001afe                HAL_SPI_Init
 .text.HAL_SPI_Transmit
                0x08001c06      0x288 cmake/stm32cubemx/CMakeFiles/STM32_Drivers.dir/__/__/Drivers/STM32F1xx_HAL_Driver/Src/stm32f1xx_hal_spi.c.obj
                0x08001c06                HAL_SPI_Transmit
 *fill*         0x08001e8e        0x2 
 .text.SPI_WaitFlagStateUntilTimeout
                0x08001e90      0x110 cmake/stm32cubemx/CMakeFiles/STM32_Drivers.dir/__/__/Drivers/STM32F1xx_HAL_Driver/Src/stm32f1xx_hal_spi.c.obj
 .text.SPI_EndRxTxTransaction
                0x08001fa0       0x62 cmake/stm32cubemx/CMakeFiles/STM32_Drivers.dir/__/__/Drivers/STM32F1xx_HAL_Driver/Src/stm32f1xx_hal_spi.c.obj
 .text.HAL_UART_Init
                0x08002002       0xa0 cmake/stm32cubemx/CMakeFiles/STM32_Drivers.dir/__/__/Drivers/STM32F1xx_HAL_Driver/Src/stm32f1xx_hal_uart.c.obj
                0x08002002                HAL_UART_Init
 .text.HAL_UART_Transmit
                0x080020a2      0x116 cmake/stm32cubemx/CMakeFiles/STM32_Drivers.dir/__/__/Drivers/STM32F1xx_HAL_Driver/Src/stm32f1xx_hal_uart.c.obj
                0x080020a2                HAL_UART_Transmit
 .text.HAL_UART_Receive
                0x080021b8      0x12e cmake/stm32cubemx/CMakeFiles/STM32_Drivers.dir/__/__/Drivers/STM32F1xx_HAL_Driver/Src/stm32f1xx_hal_uart.c.obj
                0x080021b8                HAL_UART_Receive
 .text.HAL_UART_Receive_IT
                0x080022e6       0x4a cmake/stm32cubemx/CMakeFiles/STM32_Drivers.dir/__/__/Drivers/STM32F1xx_HAL_Driver/Src/stm32f1xx_hal_uart.c.obj
                0x080022e6                HAL_UART_Receive_IT
 .text.HAL_UART_AbortReceive
                0x08002330      0x146 cmake/stm32cubemx/CMakeFiles/STM32_Drivers.dir/__/__/Drivers/STM32F1xx_HAL_Driver/Src/stm32f1xx_hal_uart.c.obj
                0x08002330                HAL_UART_AbortReceive
 *fill*         0x08002476        0x2 
 .text.HAL_UART_IRQHandler
                0x08002478      0x524 cmake/stm32cubemx/CMakeFiles/STM32_Drivers.dir/__/__/Drivers/STM32F1xx_HAL_Driver/Src/stm32f1xx_hal_uart.c.obj
                0x08002478                HAL_UART_IRQHandler
 .text.HAL_UART_TxCpltCallback
                0x0800299c       0x12 cmake/stm32cubemx/CMakeFiles/STM32_Drivers.dir/__/__/Drivers/STM32F1xx_HAL_Driver/Src/stm32f1xx_hal_uart.c.obj
                0x0800299c                HAL_UART_TxCpltCallback
 .text.HAL_UART_ErrorCallback
                0x080029ae       0x12 cmake/stm32cubemx/CMakeFiles/STM32_Drivers.dir/__/__/Drivers/STM32F1xx_HAL_Driver/Src/stm32f1xx_hal_uart.c.obj
                0x080029ae                HAL_UART_ErrorCallback
 .text.HAL_UARTEx_RxEventCallback
                0x080029c0       0x16 cmake/stm32cubemx/CMakeFiles/STM32_Drivers.dir/__/__/Drivers/STM32F1xx_HAL_Driver/Src/stm32f1xx_hal_uart.c.obj
                0x080029c0                HAL_UARTEx_RxEventCallback
 .text.UART_WaitOnFlagUntilTimeout
                0x080029d6       0xb2 cmake/stm32cubemx/CMakeFiles/STM32_Drivers.dir/__/__/Drivers/STM32F1xx_HAL_Driver/Src/stm32f1xx_hal_uart.c.obj
 .text.UART_Start_Receive_IT
                0x08002a88       0x72 cmake/stm32cubemx/CMakeFiles/STM32_Drivers.dir/__/__/Drivers/STM32F1xx_HAL_Driver/Src/stm32f1xx_hal_uart.c.obj
                0x08002a88                UART_Start_Receive_IT
 .text.UART_EndRxTransfer
                0x08002afa       0xc4 cmake/stm32cubemx/CMakeFiles/STM32_Drivers.dir/__/__/Drivers/STM32F1xx_HAL_Driver/Src/stm32f1xx_hal_uart.c.obj
 .text.UART_DMAAbortOnError
                0x08002bbe       0x28 cmake/stm32cubemx/CMakeFiles/STM32_Drivers.dir/__/__/Drivers/STM32F1xx_HAL_Driver/Src/stm32f1xx_hal_uart.c.obj
 .text.UART_Transmit_IT
                0x08002be6       0x9e cmake/stm32cubemx/CMakeFiles/STM32_Drivers.dir/__/__/Drivers/STM32F1xx_HAL_Driver/Src/stm32f1xx_hal_uart.c.obj
 .text.UART_EndTransmit_IT
                0x08002c84       0x30 cmake/stm32cubemx/CMakeFiles/STM32_Drivers.dir/__/__/Drivers/STM32F1xx_HAL_Driver/Src/stm32f1xx_hal_uart.c.obj
 .text.UART_Receive_IT
                0x08002cb4      0x17c cmake/stm32cubemx/CMakeFiles/STM32_Drivers.dir/__/__/Drivers/STM32F1xx_HAL_Driver/Src/stm32f1xx_hal_uart.c.obj
 .text.UART_SetConfig
                0x08002e30      0x11c cmake/stm32cubemx/CMakeFiles/STM32_Drivers.dir/__/__/Drivers/STM32F1xx_HAL_Driver/Src/stm32f1xx_hal_uart.c.obj
 .text.HAL_TIM_Base_Init
                0x08002f4c       0x9e cmake/stm32cubemx/CMakeFiles/STM32_Drivers.dir/__/__/Drivers/STM32F1xx_HAL_Driver/Src/stm32f1xx_hal_tim.c.obj
                0x08002f4c                HAL_TIM_Base_Init
 .text.HAL_TIM_OC_Init
                0x08002fea       0x9e cmake/stm32cubemx/CMakeFiles/STM32_Drivers.dir/__/__/Drivers/STM32F1xx_HAL_Driver/Src/stm32f1xx_hal_tim.c.obj
                0x08002fea                HAL_TIM_OC_Init
 .text.HAL_TIM_OC_MspInit
                0x08003088       0x12 cmake/stm32cubemx/CMakeFiles/STM32_Drivers.dir/__/__/Drivers/STM32F1xx_HAL_Driver/Src/stm32f1xx_hal_tim.c.obj
                0x08003088                HAL_TIM_OC_MspInit
 .text.HAL_TIM_IRQHandler
                0x0800309a      0x1e0 cmake/stm32cubemx/CMakeFiles/STM32_Drivers.dir/__/__/Drivers/STM32F1xx_HAL_Driver/Src/stm32f1xx_hal_tim.c.obj
                0x0800309a                HAL_TIM_IRQHandler
 *fill*         0x0800327a        0x2 
 .text.HAL_TIM_OC_ConfigChannel
                0x0800327c       0xb8 cmake/stm32cubemx/CMakeFiles/STM32_Drivers.dir/__/__/Drivers/STM32F1xx_HAL_Driver/Src/stm32f1xx_hal_tim.c.obj
                0x0800327c                HAL_TIM_OC_ConfigChannel
 .text.HAL_TIM_ConfigClockSource
                0x08003334      0x18e cmake/stm32cubemx/CMakeFiles/STM32_Drivers.dir/__/__/Drivers/STM32F1xx_HAL_Driver/Src/stm32f1xx_hal_tim.c.obj
                0x08003334                HAL_TIM_ConfigClockSource
 .text.HAL_TIM_IC_CaptureCallback
                0x080034c2       0x12 cmake/stm32cubemx/CMakeFiles/STM32_Drivers.dir/__/__/Drivers/STM32F1xx_HAL_Driver/Src/stm32f1xx_hal_tim.c.obj
                0x080034c2                HAL_TIM_IC_CaptureCallback
 .text.HAL_TIM_PWM_PulseFinishedCallback
                0x080034d4       0x12 cmake/stm32cubemx/CMakeFiles/STM32_Drivers.dir/__/__/Drivers/STM32F1xx_HAL_Driver/Src/stm32f1xx_hal_tim.c.obj
                0x080034d4                HAL_TIM_PWM_PulseFinishedCallback
 .text.HAL_TIM_TriggerCallback
                0x080034e6       0x12 cmake/stm32cubemx/CMakeFiles/STM32_Drivers.dir/__/__/Drivers/STM32F1xx_HAL_Driver/Src/stm32f1xx_hal_tim.c.obj
                0x080034e6                HAL_TIM_TriggerCallback
 .text.TIM_Base_SetConfig
                0x080034f8       0xdc cmake/stm32cubemx/CMakeFiles/STM32_Drivers.dir/__/__/Drivers/STM32F1xx_HAL_Driver/Src/stm32f1xx_hal_tim.c.obj
                0x080034f8                TIM_Base_SetConfig
 .text.TIM_OC1_SetConfig
                0x080035d4       0xcc cmake/stm32cubemx/CMakeFiles/STM32_Drivers.dir/__/__/Drivers/STM32F1xx_HAL_Driver/Src/stm32f1xx_hal_tim.c.obj
 .text.TIM_OC2_SetConfig
                0x080036a0       0xd4 cmake/stm32cubemx/CMakeFiles/STM32_Drivers.dir/__/__/Drivers/STM32F1xx_HAL_Driver/Src/stm32f1xx_hal_tim.c.obj
                0x080036a0                TIM_OC2_SetConfig
 .text.TIM_OC3_SetConfig
                0x08003774       0xd4 cmake/stm32cubemx/CMakeFiles/STM32_Drivers.dir/__/__/Drivers/STM32F1xx_HAL_Driver/Src/stm32f1xx_hal_tim.c.obj
 .text.TIM_OC4_SetConfig
                0x08003848       0x9c cmake/stm32cubemx/CMakeFiles/STM32_Drivers.dir/__/__/Drivers/STM32F1xx_HAL_Driver/Src/stm32f1xx_hal_tim.c.obj
 .text.TIM_TI1_ConfigInputStage
                0x080038e4       0x5c cmake/stm32cubemx/CMakeFiles/STM32_Drivers.dir/__/__/Drivers/STM32F1xx_HAL_Driver/Src/stm32f1xx_hal_tim.c.obj
 .text.TIM_TI2_ConfigInputStage
                0x08003940       0x5e cmake/stm32cubemx/CMakeFiles/STM32_Drivers.dir/__/__/Drivers/STM32F1xx_HAL_Driver/Src/stm32f1xx_hal_tim.c.obj
 .text.TIM_ITRx_SetConfig
                0x0800399e       0x34 cmake/stm32cubemx/CMakeFiles/STM32_Drivers.dir/__/__/Drivers/STM32F1xx_HAL_Driver/Src/stm32f1xx_hal_tim.c.obj
 .text.TIM_ETR_SetConfig
                0x080039d2       0x3e cmake/stm32cubemx/CMakeFiles/STM32_Drivers.dir/__/__/Drivers/STM32F1xx_HAL_Driver/Src/stm32f1xx_hal_tim.c.obj
                0x080039d2                TIM_ETR_SetConfig
 .text.HAL_TIMEx_MasterConfigSynchronization
                0x08003a10       0xbc cmake/stm32cubemx/CMakeFiles/STM32_Drivers.dir/__/__/Drivers/STM32F1xx_HAL_Driver/Src/stm32f1xx_hal_tim_ex.c.obj
                0x08003a10                HAL_TIMEx_MasterConfigSynchronization
 .text.HAL_TIMEx_ConfigBreakDeadTime
                0x08003acc       0xa2 cmake/stm32cubemx/CMakeFiles/STM32_Drivers.dir/__/__/Drivers/STM32F1xx_HAL_Driver/Src/stm32f1xx_hal_tim_ex.c.obj
                0x08003acc                HAL_TIMEx_ConfigBreakDeadTime
 .text.HAL_TIMEx_CommutCallback
                0x08003b6e       0x12 cmake/stm32cubemx/CMakeFiles/STM32_Drivers.dir/__/__/Drivers/STM32F1xx_HAL_Driver/Src/stm32f1xx_hal_tim_ex.c.obj
                0x08003b6e                HAL_TIMEx_CommutCallback
 .text.HAL_TIMEx_BreakCallback
                0x08003b80       0x12 cmake/stm32cubemx/CMakeFiles/STM32_Drivers.dir/__/__/Drivers/STM32F1xx_HAL_Driver/Src/stm32f1xx_hal_tim_ex.c.obj
                0x08003b80                HAL_TIMEx_BreakCallback
 *fill*         0x08003b92        0x2 
 .text.MAX7219_Write_Command
                0x08003b94       0x74 CMakeFiles/Embedded_system.dir/Core/Src/tetris_game/ICMax7219_driver/ICMax7219_driver.c.obj
                0x08003b94                MAX7219_Write_Command
 .text.MX_SPI1_Init
                0x08003c08       0x6c CMakeFiles/Embedded_system.dir/Core/Src/peripheral/spi/spi.c.obj
                0x08003c08                MX_SPI1_Init
 .text.MX_GPIO_Init
                0x08003c74       0xc0 CMakeFiles/Embedded_system.dir/Core/Src/peripheral/gpio/gpio.c.obj
                0x08003c74                MX_GPIO_Init
 .text.SystemClock_Config
                0x08003d34       0x8a CMakeFiles/Embedded_system.dir/Core/Src/peripheral/rcc/rcc.c.obj
                0x08003d34                SystemClock_Config
 *fill*         0x08003dbe        0x2 
 .text.MX_TIM1_Init
                0x08003dc0      0x144 CMakeFiles/Embedded_system.dir/Core/Src/peripheral/tim/tim.c.obj
                0x08003dc0                MX_TIM1_Init
 .text.Is_Matrix_Empty
                0x08003f04       0x4e CMakeFiles/Embedded_system.dir/Core/Src/tetris_game/generate_piece_driver/pieces.c.obj
                0x08003f04                Is_Matrix_Empty
 *fill*         0x08003f52        0x2 
 .text.MAX7219_Generate_Pieces
                0x08003f54       0xb0 CMakeFiles/Embedded_system.dir/Core/Src/tetris_game/generate_piece_driver/pieces.c.obj
                0x08003f54                MAX7219_Generate_Pieces
 .text.MAX7219_Shift_Down_Pieces
                0x08004004       0x7c CMakeFiles/Embedded_system.dir/Core/Src/tetris_game/generate_piece_driver/pieces.c.obj
                0x08004004                MAX7219_Shift_Down_Pieces
 .text.MAX7219_Shift_Left_Pieces
                0x08004080       0x5c CMakeFiles/Embedded_system.dir/Core/Src/tetris_game/generate_piece_driver/pieces.c.obj
                0x08004080                MAX7219_Shift_Left_Pieces
 .text.MAX7219_Shift_Right_Pieces
                0x080040dc       0x5c CMakeFiles/Embedded_system.dir/Core/Src/tetris_game/generate_piece_driver/pieces.c.obj
                0x080040dc                MAX7219_Shift_Right_Pieces
 .text.MX_I2C1_Init
                0x08004138       0x5c CMakeFiles/Embedded_system.dir/Core/Src/peripheral/i2c/i2c/i2c.c.obj
                0x08004138                MX_I2C1_Init
 .text.lcd_send_cmd
                0x08004194       0x60 CMakeFiles/Embedded_system.dir/Core/Src/peripheral/i2c/lcd_config/lcd_config.c.obj
                0x08004194                lcd_send_cmd
 .text.lcd_send_data
                0x080041f4       0x60 CMakeFiles/Embedded_system.dir/Core/Src/peripheral/i2c/lcd_config/lcd_config.c.obj
                0x080041f4                lcd_send_data
 .text.lcd_init
                0x08004254       0x5c CMakeFiles/Embedded_system.dir/Core/Src/peripheral/i2c/lcd_config/lcd_config.c.obj
                0x08004254                lcd_init
 .text.lcd_goto_xy
                0x080042b0       0x34 CMakeFiles/Embedded_system.dir/Core/Src/peripheral/i2c/lcd_config/lcd_config.c.obj
                0x080042b0                lcd_goto_xy
 .text.lcd_send_string
                0x080042e4       0x2a CMakeFiles/Embedded_system.dir/Core/Src/peripheral/i2c/lcd_config/lcd_config.c.obj
                0x080042e4                lcd_send_string
 *fill*         0x0800430e        0x2 
 .text.MX_USART1_UART_Init
                0x08004310       0x58 CMakeFiles/Embedded_system.dir/Core/Src/peripheral/usart/usart.c.obj
                0x08004310                MX_USART1_UART_Init
 .text.HAL_UART_MspInit
                0x08004368       0xa8 CMakeFiles/Embedded_system.dir/Core/Src/peripheral/usart/usart.c.obj
                0x08004368                HAL_UART_MspInit
 .text.USART1_Send_Data
                0x08004410       0x28 CMakeFiles/Embedded_system.dir/Core/Src/peripheral/usart/usart.c.obj
                0x08004410                USART1_Send_Data
 .text.USART1_Receive_Data
                0x08004438       0x28 CMakeFiles/Embedded_system.dir/Core/Src/peripheral/usart/usart.c.obj
                0x08004438                USART1_Receive_Data
 .text.USART1_Start_Receive_IT
                0x08004460       0x1c CMakeFiles/Embedded_system.dir/Core/Src/peripheral/usart/usart.c.obj
                0x08004460                USART1_Start_Receive_IT
 .text.HAL_UART_RxCpltCallback
                0x0800447c       0x3c CMakeFiles/Embedded_system.dir/Core/Src/peripheral/usart/usart.c.obj
                0x0800447c                HAL_UART_RxCpltCallback
 .text.LoRa_Receive_Init
                0x080044b8        0xc CMakeFiles/Embedded_system.dir/Core/Src/lora_transmit/lora_receive/lora_receive.c.obj
                0x080044b8                LoRa_Receive_Init
 .text.LoRa_Receive_Available
                0x080044c4       0x4c CMakeFiles/Embedded_system.dir/Core/Src/lora_transmit/lora_receive/lora_receive.c.obj
                0x080044c4                LoRa_Receive_Available
 .text.LoRa_Receive_Read
                0x08004510       0x8c CMakeFiles/Embedded_system.dir/Core/Src/lora_transmit/lora_receive/lora_receive.c.obj
                0x08004510                LoRa_Receive_Read
 .text.LoRa_Receive_Clear_Buffer
                0x0800459c       0x20 CMakeFiles/Embedded_system.dir/Core/Src/lora_transmit/lora_receive/lora_receive.c.obj
                0x0800459c                LoRa_Receive_Clear_Buffer
 .text.LoRa_Receive_Push_Byte
                0x080045bc       0x64 CMakeFiles/Embedded_system.dir/Core/Src/lora_transmit/lora_receive/lora_receive.c.obj
                0x080045bc                LoRa_Receive_Push_Byte
 .text.lora_receive_next_index
                0x08004620       0x26 CMakeFiles/Embedded_system.dir/Core/Src/lora_transmit/lora_receive/lora_receive.c.obj
 *fill*         0x08004646        0x2 
 .text.LoRa_Wait_Busy
                0x08004648       0x4c CMakeFiles/Embedded_system.dir/Core/Src/lora_transmit/lora_config/lora_config.c.obj
 .text.LoRa_Set_Mode
                0x08004694       0x38 CMakeFiles/Embedded_system.dir/Core/Src/lora_transmit/lora_config/lora_config.c.obj
 .text.LoRa_Configure_Module
                0x080046cc       0xc8 CMakeFiles/Embedded_system.dir/Core/Src/lora_transmit/lora_config/lora_config.c.obj
                0x080046cc                LoRa_Configure_Module
 .text.HAL_GPIO_EXTI_Callback
                0x08004794       0x2a CMakeFiles/Embedded_system.dir/Core/Src/interrupt/interrupt.c.obj
                0x08004794                HAL_GPIO_EXTI_Callback
 *fill*         0x080047be        0x2 
 .text.HAL_TIM_OC_DelayElapsedCallback
                0x080047c0       0x2c CMakeFiles/Embedded_system.dir/Core/Src/interrupt/interrupt.c.obj
                0x080047c0                HAL_TIM_OC_DelayElapsedCallback
 .text.HAL_TIM_PeriodElapsedCallback
                0x080047ec       0x24 CMakeFiles/Embedded_system.dir/Core/Src/interrupt/interrupt.c.obj
                0x080047ec                HAL_TIM_PeriodElapsedCallback
 .text.main     0x08004810      0x180 CMakeFiles/Embedded_system.dir/Core/Src/main.c.obj
                0x08004810                main
 .text.USART1_RxEventCallback
                0x08004990       0x1a CMakeFiles/Embedded_system.dir/Core/Src/main.c.obj
                0x08004990                USART1_RxEventCallback
 .text.Error_Handler
                0x080049aa        0xc CMakeFiles/Embedded_system.dir/Core/Src/main.c.obj
                0x080049aa                Error_Handler
 .text.NMI_Handler
                0x080049b6        0x8 CMakeFiles/Embedded_system.dir/Core/Src/stm32f1xx_it.c.obj
                0x080049b6                NMI_Handler
 .text.HardFault_Handler
                0x080049be        0x8 CMakeFiles/Embedded_system.dir/Core/Src/stm32f1xx_it.c.obj
                0x080049be                HardFault_Handler
 .text.MemManage_Handler
                0x080049c6        0x8 CMakeFiles/Embedded_system.dir/Core/Src/stm32f1xx_it.c.obj
                0x080049c6                MemManage_Handler
 .text.BusFault_Handler
                0x080049ce        0x8 CMakeFiles/Embedded_system.dir/Core/Src/stm32f1xx_it.c.obj
                0x080049ce                BusFault_Handler
 .text.UsageFault_Handler
                0x080049d6        0x8 CMakeFiles/Embedded_system.dir/Core/Src/stm32f1xx_it.c.obj
                0x080049d6                UsageFault_Handler
 .text.SVC_Handler
                0x080049de        0xc CMakeFiles/Embedded_system.dir/Core/Src/stm32f1xx_it.c.obj
                0x080049de                SVC_Handler
 .text.DebugMon_Handler
                0x080049ea        0xc CMakeFiles/Embedded_system.dir/Core/Src/stm32f1xx_it.c.obj
                0x080049ea                DebugMon_Handler
 .text.PendSV_Handler
                0x080049f6        0xc CMakeFiles/Embedded_system.dir/Core/Src/stm32f1xx_it.c.obj
                0x080049f6                PendSV_Handler
 .text.SysTick_Handler
                0x08004a02        0xc CMakeFiles/Embedded_system.dir/Core/Src/stm32f1xx_it.c.obj
                0x08004a02                SysTick_Handler
 *fill*         0x08004a0e        0x2 
 .text.TIM1_UP_IRQHandler
                0x08004a10       0x14 CMakeFiles/Embedded_system.dir/Core/Src/stm32f1xx_it.c.obj
                0x08004a10                TIM1_UP_IRQHandler
 .text.TIM1_CC_IRQHandler
                0x08004a24       0x14 CMakeFiles/Embedded_system.dir/Core/Src/stm32f1xx_it.c.obj
                0x08004a24                TIM1_CC_IRQHandler
 .text.EXTI15_10_IRQHandler
                0x08004a38       0x18 CMakeFiles/Embedded_system.dir/Core/Src/stm32f1xx_it.c.obj
                0x08004a38                EXTI15_10_IRQHandler
 .text.USART1_IRQHandler
                0x08004a50       0x14 CMakeFiles/Embedded_system.dir/Core/Src/stm32f1xx_it.c.obj
                0x08004a50                USART1_IRQHandler
 .text.HAL_MspInit
                0x08004a64       0x64 CMakeFiles/Embedded_system.dir/Core/Src/stm32f1xx_hal_msp.c.obj
                0x08004a64                HAL_MspInit
 .text.HAL_I2C_MspInit
                0x08004ac8       0x7c CMakeFiles/Embedded_system.dir/Core/Src/stm32f1xx_hal_msp.c.obj
                0x08004ac8                HAL_I2C_MspInit
 .text.HAL_SPI_MspInit
                0x08004b44       0x7c CMakeFiles/Embedded_system.dir/Core/Src/stm32f1xx_hal_msp.c.obj
                0x08004b44                HAL_SPI_MspInit
 .text.HAL_TIM_Base_MspInit
                0x08004bc0       0x5c CMakeFiles/Embedded_system.dir/Core/Src/stm32f1xx_hal_msp.c.obj
                0x08004bc0                HAL_TIM_Base_MspInit
 .text.HAL_TIM_MspPostInit
                0x08004c1c       0x68 CMakeFiles/Embedded_system.dir/Core/Src/stm32f1xx_hal_msp.c.obj
                0x08004c1c                HAL_TIM_MspPostInit
 .text._sbrk    0x08004c84       0x6c CMakeFiles/Embedded_system.dir/Core/Src/sysmem.c.obj
                0x08004c84                _sbrk
 .text._getpid  0x08004cf0        0xe CMakeFiles/Embedded_system.dir/Core/Src/syscalls.c.obj
                0x08004cf0                _getpid
 .text._kill    0x08004cfe       0x20 CMakeFiles/Embedded_system.dir/Core/Src/syscalls.c.obj
                0x08004cfe                _kill
 .text._exit    0x08004d1e       0x16 CMakeFiles/Embedded_system.dir/Core/Src/syscalls.c.obj
                0x08004d1e                _exit
 .text._read    0x08004d34       0x3a CMakeFiles/Embedded_system.dir/Core/Src/syscalls.c.obj
                0x08004d34                _read
 .text._write   0x08004d6e       0x38 CMakeFiles/Embedded_system.dir/Core/Src/syscalls.c.obj
                0x08004d6e                _write
 .text._close   0x08004da6       0x16 CMakeFiles/Embedded_system.dir/Core/Src/syscalls.c.obj
                0x08004da6                _close
 .text._fstat   0x08004dbc       0x1e CMakeFiles/Embedded_system.dir/Core/Src/syscalls.c.obj
                0x08004dbc                _fstat
 .text._isatty  0x08004dda       0x14 CMakeFiles/Embedded_system.dir/Core/Src/syscalls.c.obj
                0x08004dda                _isatty
 .text._lseek   0x08004dee       0x18 CMakeFiles/Embedded_system.dir/Core/Src/syscalls.c.obj
                0x08004dee                _lseek
 *fill*         0x08004e06        0x2 
 .text.Reset_Handler
                0x08004e08       0x48 CMakeFiles/Embedded_system.dir/startup_stm32f103xb.s.obj
                0x08004e08                Reset_Handler
 .text.Default_Handler
                0x08004e50        0x2 CMakeFiles/Embedded_system.dir/startup_stm32f103xb.s.obj
                0x08004e50                USBWakeUp_IRQHandler
                0x08004e50                EXTI2_IRQHandler
                0x08004e50                PVD_IRQHandler
                0x08004e50                EXTI3_IRQHandler
                0x08004e50                EXTI0_IRQHandler
                0x08004e50                I2C2_EV_IRQHandler
                0x08004e50                ADC1_2_IRQHandler
                0x08004e50                SPI1_IRQHandler
                0x08004e50                TAMPER_IRQHandler
                0x08004e50                DMA1_Channel4_IRQHandler
                0x08004e50                USART3_IRQHandler
                0x08004e50                RTC_IRQHandler
                0x08004e50                DMA1_Channel7_IRQHandler
                0x08004e50                CAN1_RX1_IRQHandler
                0x08004e50                TIM4_IRQHandler
                0x08004e50                I2C1_EV_IRQHandler
                0x08004e50                DMA1_Channel6_IRQHandler
                0x08004e50                TIM3_IRQHandler
                0x08004e50                RCC_IRQHandler
                0x08004e50                TIM1_TRG_COM_IRQHandler
                0x08004e50                DMA1_Channel1_IRQHandler
                0x08004e50                Default_Handler
                0x08004e50                EXTI9_5_IRQHandler
                0x08004e50                SPI2_IRQHandler
                0x08004e50                DMA1_Channel5_IRQHandler
                0x08004e50                EXTI4_IRQHandler
                0x08004e50                USB_LP_CAN1_RX0_IRQHandler
                0x08004e50                USB_HP_CAN1_TX_IRQHandler
                0x08004e50                DMA1_Channel3_IRQHandler
                0x08004e50                WWDG_IRQHandler
                0x08004e50                TIM2_IRQHandler
                0x08004e50                TIM1_BRK_IRQHandler
                0x08004e50                EXTI1_IRQHandler
                0x08004e50                USART2_IRQHandler
                0x08004e50                I2C2_ER_IRQHandler
                0x08004e50                DMA1_Channel2_IRQHandler
                0x08004e50                CAN1_SCE_IRQHandler
                0x08004e50                FLASH_IRQHandler
                0x08004e50                I2C1_ER_IRQHandler
                0x08004e50                RTC_Alarm_IRQHandler
 *fill*         0x08004e52        0x2 
 .text.snprintf
                0x08004e54       0x6c /opt/ST/STM32CubeCLT_1.21.0/GNU-tools-for-STM32/bin/../lib/gcc/arm-none-eabi/14.3.1/../../../../arm-none-eabi/lib/thumb/v7-m/nofp/libg_nano.a(libc_a-snprintf.o)
                0x08004e54                snprintf
                0x08004e54                sniprintf
 .text.sscanf   0x08004ec0       0x58 /opt/ST/STM32CubeCLT_1.21.0/GNU-tools-for-STM32/bin/../lib/gcc/arm-none-eabi/14.3.1/../../../../arm-none-eabi/lib/thumb/v7-m/nofp/libg_nano.a(libc_a-sscanf.o)
                0x08004ec0                sscanf
                0x08004ec0                siscanf
 .text.__sread  0x08004f18       0x22 /opt/ST/STM32CubeCLT_1.21.0/GNU-tools-for-STM32/bin/../lib/gcc/arm-none-eabi/14.3.1/../../../../arm-none-eabi/lib/thumb/v7-m/nofp/libg_nano.a(libc_a-stdio.o)
                0x08004f18                __sread
 .text.__seofread
                0x08004f3a        0x4 /opt/ST/STM32CubeCLT_1.21.0/GNU-tools-for-STM32/bin/../lib/gcc/arm-none-eabi/14.3.1/../../../../arm-none-eabi/lib/thumb/v7-m/nofp/libg_nano.a(libc_a-stdio.o)
                0x08004f3a                __seofread
 .text.__swrite
                0x08004f3e       0x38 /opt/ST/STM32CubeCLT_1.21.0/GNU-tools-for-STM32/bin/../lib/gcc/arm-none-eabi/14.3.1/../../../../arm-none-eabi/lib/thumb/v7-m/nofp/libg_nano.a(libc_a-stdio.o)
                0x08004f3e                __swrite
 .text.__sseek  0x08004f76       0x26 /opt/ST/STM32CubeCLT_1.21.0/GNU-tools-for-STM32/bin/../lib/gcc/arm-none-eabi/14.3.1/../../../../arm-none-eabi/lib/thumb/v7-m/nofp/libg_nano.a(libc_a-stdio.o)
                0x08004f76                __sseek
 .text.__sclose
                0x08004f9c        0x8 /opt/ST/STM32CubeCLT_1.21.0/GNU-tools-for-STM32/bin/../lib/gcc/arm-none-eabi/14.3.1/../../../../arm-none-eabi/lib/thumb/v7-m/nofp/libg_nano.a(libc_a-stdio.o)
                0x08004f9c                __sclose
 .text.rand     0x08004fa4       0x7c /opt/ST/STM32CubeCLT_1.21.0/GNU-tools-for-STM32/bin/../lib/gcc/arm-none-eabi/14.3.1/../../../../arm-none-eabi/lib/thumb/v7-m/nofp/libg_nano.a(libc_a-rand.o)
                0x08004fa4                rand
 .text.std      0x08005020       0x6c /opt/ST/STM32CubeCLT_1.21.0/GNU-tools-for-STM32/bin/../lib/gcc/arm-none-eabi/14.3.1/../../../../arm-none-eabi/lib/thumb/v7-m/nofp/libg_nano.a(libc_a-findfp.o)
 .text.stdio_exit_handler
                0x0800508c       0x18 /opt/ST/STM32CubeCLT_1.21.0/GNU-tools-for-STM32/bin/../lib/gcc/arm-none-eabi/14.3.1/../../../../arm-none-eabi/lib/thumb/v7-m/nofp/libg_nano.a(libc_a-findfp.o)
 .text.cleanup_stdio
                0x080050a4       0x40 /opt/ST/STM32CubeCLT_1.21.0/GNU-tools-for-STM32/bin/../lib/gcc/arm-none-eabi/14.3.1/../../../../arm-none-eabi/lib/thumb/v7-m/nofp/libg_nano.a(libc_a-findfp.o)
 .text.global_stdio_init.part.0
                0x080050e4       0x40 /opt/ST/STM32CubeCLT_1.21.0/GNU-tools-for-STM32/bin/../lib/gcc/arm-none-eabi/14.3.1/../../../../arm-none-eabi/lib/thumb/v7-m/nofp/libg_nano.a(libc_a-findfp.o)
 .text.__sfp_lock_acquire
                0x08005124        0xc /opt/ST/STM32CubeCLT_1.21.0/GNU-tools-for-STM32/bin/../lib/gcc/arm-none-eabi/14.3.1/../../../../arm-none-eabi/lib/thumb/v7-m/nofp/libg_nano.a(libc_a-findfp.o)
                0x08005124                __sfp_lock_acquire
 .text.__sfp_lock_release
                0x08005130        0xc /opt/ST/STM32CubeCLT_1.21.0/GNU-tools-for-STM32/bin/../lib/gcc/arm-none-eabi/14.3.1/../../../../arm-none-eabi/lib/thumb/v7-m/nofp/libg_nano.a(libc_a-findfp.o)
                0x08005130                __sfp_lock_release
 .text.__sinit  0x0800513c       0x30 /opt/ST/STM32CubeCLT_1.21.0/GNU-tools-for-STM32/bin/../lib/gcc/arm-none-eabi/14.3.1/../../../../arm-none-eabi/lib/thumb/v7-m/nofp/libg_nano.a(libc_a-findfp.o)
                0x0800513c                __sinit
 .text._fwalk_sglue
                0x0800516c       0x3c /opt/ST/STM32CubeCLT_1.21.0/GNU-tools-for-STM32/bin/../lib/gcc/arm-none-eabi/14.3.1/../../../../arm-none-eabi/lib/thumb/v7-m/nofp/libg_nano.a(libc_a-fwalk.o)
                0x0800516c                _fwalk_sglue
 .text.memcmp   0x080051a8       0x20 /opt/ST/STM32CubeCLT_1.21.0/GNU-tools-for-STM32/bin/../lib/gcc/arm-none-eabi/14.3.1/../../../../arm-none-eabi/lib/thumb/v7-m/nofp/libg_nano.a(libc_a-memcmp.o)
                0x080051a8                memcmp
 .text.memset   0x080051c8       0x10 /opt/ST/STM32CubeCLT_1.21.0/GNU-tools-for-STM32/bin/../lib/gcc/arm-none-eabi/14.3.1/../../../../arm-none-eabi/lib/thumb/v7-m/nofp/libg_nano.a(libc_a-memset.o)
                0x080051c8                memset
 .text._lseek_r
                0x080051d8       0x24 /opt/ST/STM32CubeCLT_1.21.0/GNU-tools-for-STM32/bin/../lib/gcc/arm-none-eabi/14.3.1/../../../../arm-none-eabi/lib/thumb/v7-m/nofp/libg_nano.a(libc_a-lseekr.o)
                0x080051d8                _lseek_r
 .text._read_r  0x080051fc       0x24 /opt/ST/STM32CubeCLT_1.21.0/GNU-tools-for-STM32/bin/../lib/gcc/arm-none-eabi/14.3.1/../../../../arm-none-eabi/lib/thumb/v7-m/nofp/libg_nano.a(libc_a-readr.o)
                0x080051fc                _read_r
 .text._write_r
                0x08005220       0x24 /opt/ST/STM32CubeCLT_1.21.0/GNU-tools-for-STM32/bin/../lib/gcc/arm-none-eabi/14.3.1/../../../../arm-none-eabi/lib/thumb/v7-m/nofp/libg_nano.a(libc_a-writer.o)
                0x08005220                _write_r
 .text.__errno  0x08005244        0xc /opt/ST/STM32CubeCLT_1.21.0/GNU-tools-for-STM32/bin/../lib/gcc/arm-none-eabi/14.3.1/../../../../arm-none-eabi/lib/thumb/v7-m/nofp/libg_nano.a(libc_a-errno.o)
                0x08005244                __errno
 .text.__libc_init_array
                0x08005250       0x48 /opt/ST/STM32CubeCLT_1.21.0/GNU-tools-for-STM32/bin/../lib/gcc/arm-none-eabi/14.3.1/../../../../arm-none-eabi/lib/thumb/v7-m/nofp/libg_nano.a(libc_a-init.o)
                0x08005250                __libc_init_array
 .text.__retarget_lock_init_recursive
                0x08005298        0x2 /opt/ST/STM32CubeCLT_1.21.0/GNU-tools-for-STM32/bin/../lib/gcc/arm-none-eabi/14.3.1/../../../../arm-none-eabi/lib/thumb/v7-m/nofp/libg_nano.a(libc_a-lock.o)
                0x08005298                __retarget_lock_init_recursive
 .text.__retarget_lock_acquire_recursive
                0x0800529a        0x2 /opt/ST/STM32CubeCLT_1.21.0/GNU-tools-for-STM32/bin/../lib/gcc/arm-none-eabi/14.3.1/../../../../arm-none-eabi/lib/thumb/v7-m/nofp/libg_nano.a(libc_a-lock.o)
                0x0800529a                __retarget_lock_acquire_recursive
 .text.__retarget_lock_release_recursive
                0x0800529c        0x2 /opt/ST/STM32CubeCLT_1.21.0/GNU-tools-for-STM32/bin/../lib/gcc/arm-none-eabi/14.3.1/../../../../arm-none-eabi/lib/thumb/v7-m/nofp/libg_nano.a(libc_a-lock.o)
                0x0800529c                __retarget_lock_release_recursive
 *fill*         0x0800529e        0x2 
 .text._close_r
                0x080052a0       0x20 /opt/ST/STM32CubeCLT_1.21.0/GNU-tools-for-STM32/bin/../lib/gcc/arm-none-eabi/14.3.1/../../../../arm-none-eabi/lib/thumb/v7-m/nofp/libg_nano.a(libc_a-closer.o)
                0x080052a0                _close_r
 .text.__assert_func
                0x080052c0       0x3c /opt/ST/STM32CubeCLT_1.21.0/GNU-tools-for-STM32/bin/../lib/gcc/arm-none-eabi/14.3.1/../../../../arm-none-eabi/lib/thumb/v7-m/nofp/libg_nano.a(libc_a-assert.o)
                0x080052c0                __assert_func
 .text._free_r  0x080052fc       0x90 /opt/ST/STM32CubeCLT_1.21.0/GNU-tools-for-STM32/bin/../lib/gcc/arm-none-eabi/14.3.1/../../../../arm-none-eabi/lib/thumb/v7-m/nofp/libg_nano.a(libc_a-freer.o)
                0x080052fc                _free_r
 .text.__ssputs_r
                0x0800538c       0xc0 /opt/ST/STM32CubeCLT_1.21.0/GNU-tools-for-STM32/bin/../lib/gcc/arm-none-eabi/14.3.1/../../../../arm-none-eabi/lib/thumb/v7-m/nofp/libg_nano.a(libc_a-nano-svfprintf.o)
                0x0800538c                __ssputs_r
 .text._svfprintf_r
                0x0800544c      0x1f0 /opt/ST/STM32CubeCLT_1.21.0/GNU-tools-for-STM32/bin/../lib/gcc/arm-none-eabi/14.3.1/../../../../arm-none-eabi/lib/thumb/v7-m/nofp/libg_nano.a(libc_a-nano-svfprintf.o)
                0x0800544c                _svfprintf_r
                0x0800544c                _svfiprintf_r
 .text._sungetc_r
                0x0800563c       0x7a /opt/ST/STM32CubeCLT_1.21.0/GNU-tools-for-STM32/bin/../lib/gcc/arm-none-eabi/14.3.1/../../../../arm-none-eabi/lib/thumb/v7-m/nofp/libg_nano.a(libc_a-nano-svfscanf.o)
                0x0800563c                _sungetc_r
 .text.__ssrefill_r
                0x080056b6       0x3a /opt/ST/STM32CubeCLT_1.21.0/GNU-tools-for-STM32/bin/../lib/gcc/arm-none-eabi/14.3.1/../../../../arm-none-eabi/lib/thumb/v7-m/nofp/libg_nano.a(libc_a-nano-svfscanf.o)
                0x080056b6                __ssrefill_r
 .text.__ssvfscanf_r
                0x080056f0      0x2fc /opt/ST/STM32CubeCLT_1.21.0/GNU-tools-for-STM32/bin/../lib/gcc/arm-none-eabi/14.3.1/../../../../arm-none-eabi/lib/thumb/v7-m/nofp/libg_nano.a(libc_a-nano-svfscanf.o)
                0x080056f0                __ssvfscanf_r
                0x080056f0                __ssvfiscanf_r
 .text.malloc   0x080059ec       0x10 /opt/ST/STM32CubeCLT_1.21.0/GNU-tools-for-STM32/bin/../lib/gcc/arm-none-eabi/14.3.1/../../../../arm-none-eabi/lib/thumb/v7-m/nofp/libg_nano.a(libc_a-malloc.o)
                0x080059ec                malloc
 .text.sbrk_aligned
                0x080059fc       0x44 /opt/ST/STM32CubeCLT_1.21.0/GNU-tools-for-STM32/bin/../lib/gcc/arm-none-eabi/14.3.1/../../../../arm-none-eabi/lib/thumb/v7-m/nofp/libg_nano.a(libc_a-mallocr.o)
 .text._malloc_r
                0x08005a40      0x100 /opt/ST/STM32CubeCLT_1.21.0/GNU-tools-for-STM32/bin/../lib/gcc/arm-none-eabi/14.3.1/../../../../arm-none-eabi/lib/thumb/v7-m/nofp/libg_nano.a(libc_a-mallocr.o)
                0x08005a40                _malloc_r
 .text._printf_common
                0x08005b40       0xe4 /opt/ST/STM32CubeCLT_1.21.0/GNU-tools-for-STM32/bin/../lib/gcc/arm-none-eabi/14.3.1/../../../../arm-none-eabi/lib/thumb/v7-m/nofp/libg_nano.a(libc_a-nano-vfprintf_i.o)
                0x08005b40                _printf_common
 .text._printf_i
                0x08005c24      0x24c /opt/ST/STM32CubeCLT_1.21.0/GNU-tools-for-STM32/bin/../lib/gcc/arm-none-eabi/14.3.1/../../../../arm-none-eabi/lib/thumb/v7-m/nofp/libg_nano.a(libc_a-nano-vfprintf_i.o)
                0x08005c24                _printf_i
 .text._scanf_chars
                0x08005e70       0xb4 /opt/ST/STM32CubeCLT_1.21.0/GNU-tools-for-STM32/bin/../lib/gcc/arm-none-eabi/14.3.1/../../../../arm-none-eabi/lib/thumb/v7-m/nofp/libg_nano.a(libc_a-nano-vfscanf_i.o)
                0x08005e70                _scanf_chars
 .text._scanf_i
                0x08005f24      0x1e0 /opt/ST/STM32CubeCLT_1.21.0/GNU-tools-for-STM32/bin/../lib/gcc/arm-none-eabi/14.3.1/../../../../arm-none-eabi/lib/thumb/v7-m/nofp/libg_nano.a(libc_a-nano-vfscanf_i.o)
                0x08005f24                _scanf_i
 .text.__sccl   0x08006104       0x72 /opt/ST/STM32CubeCLT_1.21.0/GNU-tools-for-STM32/bin/../lib/gcc/arm-none-eabi/14.3.1/../../../../arm-none-eabi/lib/thumb/v7-m/nofp/libg_nano.a(libc_a-sccl.o)
                0x08006104                __sccl
 *fill*         0x08006176        0x2 
 .text.__sflush_r
                0x08006178       0xfc /opt/ST/STM32CubeCLT_1.21.0/GNU-tools-for-STM32/bin/../lib/gcc/arm-none-eabi/14.3.1/../../../../arm-none-eabi/lib/thumb/v7-m/nofp/libg_nano.a(libc_a-fflush.o)
                0x08006178                __sflush_r
 .text._fflush_r
                0x08006274       0x50 /opt/ST/STM32CubeCLT_1.21.0/GNU-tools-for-STM32/bin/../lib/gcc/arm-none-eabi/14.3.1/../../../../arm-none-eabi/lib/thumb/v7-m/nofp/libg_nano.a(libc_a-fflush.o)
                0x08006274                _fflush_r
 .text.__malloc_lock
                0x080062c4        0xc /opt/ST/STM32CubeCLT_1.21.0/GNU-tools-for-STM32/bin/../lib/gcc/arm-none-eabi/14.3.1/../../../../arm-none-eabi/lib/thumb/v7-m/nofp/libg_nano.a(libc_a-mlock.o)
                0x080062c4                __malloc_lock
 .text.__malloc_unlock
                0x080062d0        0xc /opt/ST/STM32CubeCLT_1.21.0/GNU-tools-for-STM32/bin/../lib/gcc/arm-none-eabi/14.3.1/../../../../arm-none-eabi/lib/thumb/v7-m/nofp/libg_nano.a(libc_a-mlock.o)
                0x080062d0                __malloc_unlock
 .text.__submore
                0x080062dc       0x70 /opt/ST/STM32CubeCLT_1.21.0/GNU-tools-for-STM32/bin/../lib/gcc/arm-none-eabi/14.3.1/../../../../arm-none-eabi/lib/thumb/v7-m/nofp/libg_nano.a(libc_a-ungetc.o)
                0x080062dc                __submore
 .text.fprintf  0x0800634c       0x24 /opt/ST/STM32CubeCLT_1.21.0/GNU-tools-for-STM32/bin/../lib/gcc/arm-none-eabi/14.3.1/../../../../arm-none-eabi/lib/thumb/v7-m/nofp/libg_nano.a(libc_a-fprintf.o)
                0x0800634c                fprintf
                0x0800634c                fiprintf
 .text._realloc_r
                0x08006370       0x5c /opt/ST/STM32CubeCLT_1.21.0/GNU-tools-for-STM32/bin/../lib/gcc/arm-none-eabi/14.3.1/../../../../arm-none-eabi/lib/thumb/v7-m/nofp/libg_nano.a(libc_a-reallocr.o)
                0x08006370                _realloc_r
 .text._strtol_l.isra.0
                0x080063cc       0xf4 /opt/ST/STM32CubeCLT_1.21.0/GNU-tools-for-STM32/bin/../lib/gcc/arm-none-eabi/14.3.1/../../../../arm-none-eabi/lib/thumb/v7-m/nofp/libg_nano.a(libc_a-strtol.o)
 .text._strtol_r
                0x080064c0        0x4 /opt/ST/STM32CubeCLT_1.21.0/GNU-tools-for-STM32/bin/../lib/gcc/arm-none-eabi/14.3.1/../../../../arm-none-eabi/lib/thumb/v7-m/nofp/libg_nano.a(libc_a-strtol.o)
                0x080064c0                _strtol_r
 .text._strtoul_l.isra.0
                0x080064c4       0xdc /opt/ST/STM32CubeCLT_1.21.0/GNU-tools-for-STM32/bin/../lib/gcc/arm-none-eabi/14.3.1/../../../../arm-none-eabi/lib/thumb/v7-m/nofp/libg_nano.a(libc_a-strtoul.o)
 .text._strtoul_r
                0x080065a0        0x4 /opt/ST/STM32CubeCLT_1.21.0/GNU-tools-for-STM32/bin/../lib/gcc/arm-none-eabi/14.3.1/../../../../arm-none-eabi/lib/thumb/v7-m/nofp/libg_nano.a(libc_a-strtoul.o)
                0x080065a0                _strtoul_r
 .text.memmove  0x080065a4       0x32 /opt/ST/STM32CubeCLT_1.21.0/GNU-tools-for-STM32/bin/../lib/gcc/arm-none-eabi/14.3.1/../../../../arm-none-eabi/lib/thumb/v7-m/nofp/libg_nano.a(libc_a-memmove.o)
                0x080065a4                memmove
 *fill*         0x080065d6        0x2 
 .text._sbrk_r  0x080065d8       0x20 /opt/ST/STM32CubeCLT_1.21.0/GNU-tools-for-STM32/bin/../lib/gcc/arm-none-eabi/14.3.1/../../../../arm-none-eabi/lib/thumb/v7-m/nofp/libg_nano.a(libc_a-sbrkr.o)
                0x080065d8                _sbrk_r
 .text.memchr   0x080065f8       0x1c /opt/ST/STM32CubeCLT_1.21.0/GNU-tools-for-STM32/bin/../lib/gcc/arm-none-eabi/14.3.1/../../../../arm-none-eabi/lib/thumb/v7-m/nofp/libg_nano.a(libc_a-memchr-stub.o)
                0x080065f8                memchr
 .text.memcpy   0x08006614       0x1c /opt/ST/STM32CubeCLT_1.21.0/GNU-tools-for-STM32/bin/../lib/gcc/arm-none-eabi/14.3.1/../../../../arm-none-eabi/lib/thumb/v7-m/nofp/libg_nano.a(libc_a-memcpy-stub.o)
                0x08006614                memcpy
 .text.abort    0x08006630        0xe /opt/ST/STM32CubeCLT_1.21.0/GNU-tools-for-STM32/bin/../lib/gcc/arm-none-eabi/14.3.1/../../../../arm-none-eabi/lib/thumb/v7-m/nofp/libg_nano.a(libc_a-abort.o)
                0x08006630                abort
 .text.__sfputc_r
                0x0800663e       0x2a /opt/ST/STM32CubeCLT_1.21.0/GNU-tools-for-STM32/bin/../lib/gcc/arm-none-eabi/14.3.1/../../../../arm-none-eabi/lib/thumb/v7-m/nofp/libg_nano.a(libc_a-nano-vfprintf.o)
 .text.__sfputs_r
                0x08006668       0x24 /opt/ST/STM32CubeCLT_1.21.0/GNU-tools-for-STM32/bin/../lib/gcc/arm-none-eabi/14.3.1/../../../../arm-none-eabi/lib/thumb/v7-m/nofp/libg_nano.a(libc_a-nano-vfprintf.o)
                0x08006668                __sfputs_r
 .text._vfprintf_r
                0x0800668c      0x228 /opt/ST/STM32CubeCLT_1.21.0/GNU-tools-for-STM32/bin/../lib/gcc/arm-none-eabi/14.3.1/../../../../arm-none-eabi/lib/thumb/v7-m/nofp/libg_nano.a(libc_a-nano-vfprintf.o)
                0x0800668c                _vfiprintf_r
                0x0800668c                _vfprintf_r
 .text._malloc_usable_size_r
                0x080068b4       0x10 /opt/ST/STM32CubeCLT_1.21.0/GNU-tools-for-STM32/bin/../lib/gcc/arm-none-eabi/14.3.1/../../../../arm-none-eabi/lib/thumb/v7-m/nofp/libg_nano.a(libc_a-msizer.o)
                0x080068b4                _malloc_usable_size_r
 .text.__swbuf_r
                0x080068c4       0x7c /opt/ST/STM32CubeCLT_1.21.0/GNU-tools-for-STM32/bin/../lib/gcc/arm-none-eabi/14.3.1/../../../../arm-none-eabi/lib/thumb/v7-m/nofp/libg_nano.a(libc_a-wbuf.o)
                0x080068c4                __swbuf_r
 .text.__swsetup_r
                0x08006940       0xa8 /opt/ST/STM32CubeCLT_1.21.0/GNU-tools-for-STM32/bin/../lib/gcc/arm-none-eabi/14.3.1/../../../../arm-none-eabi/lib/thumb/v7-m/nofp/libg_nano.a(libc_a-wsetup.o)
                0x08006940                __swsetup_r
 .text.__swhatbuf_r
                0x080069e8       0x48 /opt/ST/STM32CubeCLT_1.21.0/GNU-tools-for-STM32/bin/../lib/gcc/arm-none-eabi/14.3.1/../../../../arm-none-eabi/lib/thumb/v7-m/nofp/libg_nano.a(libc_a-makebuf.o)
                0x080069e8                __swhatbuf_r
 .text.__smakebuf_r
                0x08006a30       0x72 /opt/ST/STM32CubeCLT_1.21.0/GNU-tools-for-STM32/bin/../lib/gcc/arm-none-eabi/14.3.1/../../../../arm-none-eabi/lib/thumb/v7-m/nofp/libg_nano.a(libc_a-makebuf.o)
                0x08006a30                __smakebuf_r
 .text._raise_r
                0x08006aa2       0x50 /opt/ST/STM32CubeCLT_1.21.0/GNU-tools-for-STM32/bin/../lib/gcc/arm-none-eabi/14.3.1/../../../../arm-none-eabi/lib/thumb/v7-m/nofp/libg_nano.a(libc_a-signal.o)
                0x08006aa2                _raise_r
 *fill*         0x08006af2        0x2 
 .text.raise    0x08006af4       0x10 /opt/ST/STM32CubeCLT_1.21.0/GNU-tools-for-STM32/bin/../lib/gcc/arm-none-eabi/14.3.1/../../../../arm-none-eabi/lib/thumb/v7-m/nofp/libg_nano.a(libc_a-signal.o)
                0x08006af4                raise
 .text._isatty_r
                0x08006b04       0x20 /opt/ST/STM32CubeCLT_1.21.0/GNU-tools-for-STM32/bin/../lib/gcc/arm-none-eabi/14.3.1/../../../../arm-none-eabi/lib/thumb/v7-m/nofp/libg_nano.a(libc_a-isattyr.o)
                0x08006b04                _isatty_r
 .text._kill_r  0x08006b24       0x24 /opt/ST/STM32CubeCLT_1.21.0/GNU-tools-for-STM32/bin/../lib/gcc/arm-none-eabi/14.3.1/../../../../arm-none-eabi/lib/thumb/v7-m/nofp/libg_nano.a(libc_a-signalr.o)
                0x08006b24                _kill_r
 .text._getpid_r
                0x08006b48        0x4 /opt/ST/STM32CubeCLT_1.21.0/GNU-tools-for-STM32/bin/../lib/gcc/arm-none-eabi/14.3.1/../../../../arm-none-eabi/lib/thumb/v7-m/nofp/libg_nano.a(libc_a-signalr.o)
                0x08006b48                _getpid_r
 .text._fstat_r
                0x08006b4c       0x24 /opt/ST/STM32CubeCLT_1.21.0/GNU-tools-for-STM32/bin/../lib/gcc/arm-none-eabi/14.3.1/../../../../arm-none-eabi/lib/thumb/v7-m/nofp/libg_nano.a(libc_a-fstatr.o)
                0x08006b4c                _fstat_r
 *(.glue_7)
 .glue_7        0x08006b70        0x0 linker stubs
 *(.glue_7t)
 .glue_7t       0x08006b70        0x0 linker stubs
 *(.eh_frame)
 .eh_frame      0x08006b70        0x0 /opt/ST/STM32CubeCLT_1.21.0/GNU-tools-for-STM32/bin/../lib/gcc/arm-none-eabi/14.3.1/thumb/v7-m/nofp/crtbegin.o
 *(.init)
 .init          0x08006b70        0x4 /opt/ST/STM32CubeCLT_1.21.0/GNU-tools-for-STM32/bin/../lib/gcc/arm-none-eabi/14.3.1/thumb/v7-m/nofp/crti.o
                0x08006b70                _init
 .init          0x08006b74        0x8 /opt/ST/STM32CubeCLT_1.21.0/GNU-tools-for-STM32/bin/../lib/gcc/arm-none-eabi/14.3.1/thumb/v7-m/nofp/crtn.o
 *(.fini)
 .fini          0x08006b7c        0x4 /opt/ST/STM32CubeCLT_1.21.0/GNU-tools-for-STM32/bin/../lib/gcc/arm-none-eabi/14.3.1/thumb/v7-m/nofp/crti.o
                0x08006b7c                _fini
 .fini          0x08006b80        0x8 /opt/ST/STM32CubeCLT_1.21.0/GNU-tools-for-STM32/bin/../lib/gcc/arm-none-eabi/14.3.1/thumb/v7-m/nofp/crtn.o
                0x08006b88                        . = ALIGN (0x4)
                0x08006b88                        _etext = .

.vfp11_veneer   0x08006b88        0x0
 .vfp11_veneer  0x08006b88        0x0 linker stubs

.v4_bx          0x08006b88        0x0
 .v4_bx         0x08006b88        0x0 linker stubs

.iplt           0x08006b88        0x0
 .iplt          0x08006b88        0x0 /opt/ST/STM32CubeCLT_1.21.0/GNU-tools-for-STM32/bin/../lib/gcc/arm-none-eabi/14.3.1/thumb/v7-m/nofp/crtbegin.o

.rodata         0x08006b88      0x2c8
                0x08006b88                        . = ALIGN (0x4)
 *(.rodata)
 .rodata        0x08006b88       0x96 CMakeFiles/Embedded_system.dir/Core/Src/main.c.obj
 *fill*         0x08006c1e        0x2 
 .rodata        0x08006c20        0xc /opt/ST/STM32CubeCLT_1.21.0/GNU-tools-for-STM32/bin/../lib/gcc/arm-none-eabi/14.3.1/../../../../arm-none-eabi/lib/thumb/v7-m/nofp/libg_nano.a(libc_a-nano-vfscanf_i.o)
 *(.rodata*)
 .rodata.AHBPrescTable
                0x08006c2c       0x10 cmake/stm32cubemx/CMakeFiles/STM32_Drivers.dir/__/__/Core/Src/system_stm32f1xx.c.obj
                0x08006c2c                AHBPrescTable
 .rodata.APBPrescTable
                0x08006c3c        0x8 cmake/stm32cubemx/CMakeFiles/STM32_Drivers.dir/__/__/Core/Src/system_stm32f1xx.c.obj
                0x08006c3c                APBPrescTable
 .rodata.aPLLMULFactorTable.1
                0x08006c44       0x10 cmake/stm32cubemx/CMakeFiles/STM32_Drivers.dir/__/__/Drivers/STM32F1xx_HAL_Driver/Src/stm32f1xx_hal_rcc.c.obj
 .rodata.aPredivFactorTable.0
                0x08006c54        0x2 cmake/stm32cubemx/CMakeFiles/STM32_Drivers.dir/__/__/Drivers/STM32F1xx_HAL_Driver/Src/stm32f1xx_hal_rcc.c.obj
 .rodata.srand.str1.1
                0x08006c56       0xf9 /opt/ST/STM32CubeCLT_1.21.0/GNU-tools-for-STM32/bin/../lib/gcc/arm-none-eabi/14.3.1/../../../../arm-none-eabi/lib/thumb/v7-m/nofp/libg_nano.a(libc_a-rand.o)
                                 0x6f (size before relaxing)
 .rodata.__assert_func.str1.1
                0x08006d4f       0x3d /opt/ST/STM32CubeCLT_1.21.0/GNU-tools-for-STM32/bin/../lib/gcc/arm-none-eabi/14.3.1/../../../../arm-none-eabi/lib/thumb/v7-m/nofp/libg_nano.a(libc_a-assert.o)
 .rodata._svfprintf_r.str1.1
                0x08006d4f       0x11 /opt/ST/STM32CubeCLT_1.21.0/GNU-tools-for-STM32/bin/../lib/gcc/arm-none-eabi/14.3.1/../../../../arm-none-eabi/lib/thumb/v7-m/nofp/libg_nano.a(libc_a-nano-svfprintf.o)
 .rodata.__ssvfscanf_r.str1.1
                0x08006d4f        0x4 /opt/ST/STM32CubeCLT_1.21.0/GNU-tools-for-STM32/bin/../lib/gcc/arm-none-eabi/14.3.1/../../../../arm-none-eabi/lib/thumb/v7-m/nofp/libg_nano.a(libc_a-nano-svfscanf.o)
 .rodata._printf_i.str1.1
                0x08006d4f       0x22 /opt/ST/STM32CubeCLT_1.21.0/GNU-tools-for-STM32/bin/../lib/gcc/arm-none-eabi/14.3.1/../../../../arm-none-eabi/lib/thumb/v7-m/nofp/libg_nano.a(libc_a-nano-vfprintf_i.o)
 .rodata._scanf_i.str1.1
                0x08006d4f       0x12 /opt/ST/STM32CubeCLT_1.21.0/GNU-tools-for-STM32/bin/../lib/gcc/arm-none-eabi/14.3.1/../../../../arm-none-eabi/lib/thumb/v7-m/nofp/libg_nano.a(libc_a-nano-vfscanf_i.o)
 .rodata.str1.1
                0x08006d4f        0x9 /opt/ST/STM32CubeCLT_1.21.0/GNU-tools-for-STM32/bin/../lib/gcc/arm-none-eabi/14.3.1/../../../../arm-none-eabi/lib/thumb/v7-m/nofp/libg_nano.a(libc_a-nano-vfscanf_i.o)
 .rodata._ctype_
                0x08006d4f      0x101 /opt/ST/STM32CubeCLT_1.21.0/GNU-tools-for-STM32/bin/../lib/gcc/arm-none-eabi/14.3.1/../../../../arm-none-eabi/lib/thumb/v7-m/nofp/libg_nano.a(libc_a-ctype_.o)
                0x08006d4f                _ctype_
 .rodata._vfprintf_r.str1.1
                0x08006e50       0x11 /opt/ST/STM32CubeCLT_1.21.0/GNU-tools-for-STM32/bin/../lib/gcc/arm-none-eabi/14.3.1/../../../../arm-none-eabi/lib/thumb/v7-m/nofp/libg_nano.a(libc_a-nano-vfprintf.o)
                0x08006e64                        . = ALIGN (0x4)

.ARM.extab      0x08006e50        0x0
                0x08006e50                        . = ALIGN (0x4)
 *(.ARM.extab* .gnu.linkonce.armextab.*)
                0x08006e50                        . = ALIGN (0x4)

.ARM            0x08006e50        0x8
                0x08006e50                        . = ALIGN (0x4)
                0x08006e50                        __exidx_start = .
 *(.ARM.exidx*)
 .ARM.exidx     0x08006e50        0x8 /opt/ST/STM32CubeCLT_1.21.0/GNU-tools-for-STM32/bin/../lib/gcc/arm-none-eabi/14.3.1/../../../../arm-none-eabi/lib/thumb/v7-m/nofp/libg_nano.a(libc_a-strlen.o)
                0x08006e58                        __exidx_end = .
                0x08006e58                        . = ALIGN (0x4)

.preinit_array  0x08006e58        0x0
                0x08006e58                        . = ALIGN (0x4)
                0x08006e58                        PROVIDE (__preinit_array_start = .)
 *(.preinit_array*)
                0x08006e58                        PROVIDE (__preinit_array_end = .)
                0x08006e58                        . = ALIGN (0x4)

.init_array     0x08006e58        0x4
                0x08006e58                        . = ALIGN (0x4)
                0x08006e58                        PROVIDE (__init_array_start = .)
 *(SORT_BY_NAME(.init_array.*))
 *(.init_array*)
 .init_array    0x08006e58        0x4 /opt/ST/STM32CubeCLT_1.21.0/GNU-tools-for-STM32/bin/../lib/gcc/arm-none-eabi/14.3.1/thumb/v7-m/nofp/crtbegin.o
                0x08006e5c                        PROVIDE (__init_array_end = .)
                0x08006e5c                        . = ALIGN (0x4)

.fini_array     0x08006e5c        0x4
                0x08006e5c                        . = ALIGN (0x4)
                [!provide]                        PROVIDE (__fini_array_start = .)
 *(SORT_BY_NAME(.fini_array.*))
 *(.fini_array*)
 .fini_array    0x08006e5c        0x4 /opt/ST/STM32CubeCLT_1.21.0/GNU-tools-for-STM32/bin/../lib/gcc/arm-none-eabi/14.3.1/thumb/v7-m/nofp/crtbegin.o
                [!provide]                        PROVIDE (__fini_array_end = .)
                0x08006e60                        . = ALIGN (0x4)
                0x08006e60                        _sidata = LOADADDR (.data)

.rel.dyn        0x08006e60        0x0
 .rel.iplt      0x08006e60        0x0 /opt/ST/STM32CubeCLT_1.21.0/GNU-tools-for-STM32/bin/../lib/gcc/arm-none-eabi/14.3.1/thumb/v7-m/nofp/crtbegin.o

.data           0x20000000       0xe8 load address 0x08006e60
                0x20000000                        . = ALIGN (0x4)
                0x20000000                        _sdata = .
 *(.data)
 *(.data*)
 .data.SystemCoreClock
                0x20000000        0x4 cmake/stm32cubemx/CMakeFiles/STM32_Drivers.dir/__/__/Core/Src/system_stm32f1xx.c.obj
                0x20000000                SystemCoreClock
 .data.uwTickPrio
                0x20000004        0x4 cmake/stm32cubemx/CMakeFiles/STM32_Drivers.dir/__/__/Drivers/STM32F1xx_HAL_Driver/Src/stm32f1xx_hal.c.obj
                0x20000004                uwTickPrio
 .data.uwTickFreq
                0x20000008        0x1 cmake/stm32cubemx/CMakeFiles/STM32_Drivers.dir/__/__/Drivers/STM32F1xx_HAL_Driver/Src/stm32f1xx_hal.c.obj
                0x20000008                uwTickFreq
 *fill*         0x20000009        0x3 
 .data.TETRIX_SHAPE
                0x2000000c       0x80 CMakeFiles/Embedded_system.dir/Core/Src/tetris_game/tetris_factory/tetris_factory.c.obj
                0x2000000c                TETRIX_SHAPE
 .data.__sglue  0x2000008c        0xc /opt/ST/STM32CubeCLT_1.21.0/GNU-tools-for-STM32/bin/../lib/gcc/arm-none-eabi/14.3.1/../../../../arm-none-eabi/lib/thumb/v7-m/nofp/libg_nano.a(libc_a-findfp.o)
                0x2000008c                __sglue
 .data._impure_ptr
                0x20000098        0x4 /opt/ST/STM32CubeCLT_1.21.0/GNU-tools-for-STM32/bin/../lib/gcc/arm-none-eabi/14.3.1/../../../../arm-none-eabi/lib/thumb/v7-m/nofp/libg_nano.a(libc_a-impure.o)
                0x20000098                _impure_ptr
 .data._impure_data
                0x2000009c       0x4c /opt/ST/STM32CubeCLT_1.21.0/GNU-tools-for-STM32/bin/../lib/gcc/arm-none-eabi/14.3.1/../../../../arm-none-eabi/lib/thumb/v7-m/nofp/libg_nano.a(libc_a-impure.o)
                0x2000009c                _impure_data
 *(.RamFunc)
 *(.RamFunc*)
                0x200000e8                        . = ALIGN (0x4)

.igot.plt       0x200000e8        0x0 load address 0x08006f48
 .igot.plt      0x200000e8        0x0 /opt/ST/STM32CubeCLT_1.21.0/GNU-tools-for-STM32/bin/../lib/gcc/arm-none-eabi/14.3.1/thumb/v7-m/nofp/crtbegin.o

.tdata          0x200000e8        0x0 load address 0x08006f48
 *(.tdata .tdata.* .gnu.linkonce.td.*)
                0x200000e8                        . = ALIGN (0x4)
                0x200000e8                        _edata = .
                [!provide]                        PROVIDE (__data_end = .)
                [!provide]                        PROVIDE (__tdata_end = .)
                [!provide]                        PROVIDE (__tdata_start = ADDR (.tdata))
                [!provide]                        PROVIDE (__tdata_size = (__tdata_end - __tdata_start))
                [!provide]                        PROVIDE (__data_start = ADDR (.data))
                [!provide]                        PROVIDE (__data_size = (__data_end - __data_start))
                [!provide]                        PROVIDE (__tdata_source = LOADADDR (.tdata))
                [!provide]                        PROVIDE (__tdata_source_end = (LOADADDR (.tdata) + SIZEOF (.tdata)))
                [!provide]                        PROVIDE (__tdata_source_size = (__tdata_source_end - __tdata_source))
                [!provide]                        PROVIDE (__data_source = LOADADDR (.data))
                [!provide]                        PROVIDE (__data_source_end = __tdata_source_end)
                [!provide]                        PROVIDE (__data_source_size = (__data_source_end - __data_source))

.tbss           0x200000e8        0x0 load address 0x08006f48
                0x200000e8                        _sbss = .
                0x200000e8                        __bss_start__ = _sbss
 *(.tbss .tbss.*)
                0x200000e8                        . = ALIGN (0x4)
                [!provide]                        PROVIDE (__tbss_end = .)
                [!provide]                        PROVIDE (__tbss_start = ADDR (.tbss))
                [!provide]                        PROVIDE (__tbss_size = (__tbss_end - __tbss_start))
                [!provide]                        PROVIDE (__tbss_offset = (ADDR (.tbss) - ADDR (.tdata)))
                [!provide]                        PROVIDE (__tls_base = __tdata_start)
                [!provide]                        PROVIDE (__tls_end = __tbss_end)
                [!provide]                        PROVIDE (__tls_size = (__tls_end - __tls_base))
                [!provide]                        PROVIDE (__tls_align = MAX (ALIGNOF (.tdata), ALIGNOF (.tbss)))
                [!provide]                        PROVIDE (__tls_size_align = (((__tls_size + __tls_align) - 0x1) & ~ ((__tls_align - 0x1))))
                [!provide]                        PROVIDE (__arm32_tls_tcb_offset = MAX (0x8, __tls_align))
                [!provide]                        PROVIDE (__arm64_tls_tcb_offset = MAX (0x10, __tls_align))

.bss            0x200000e8      0x3f8 load address 0x08006f48
 *(.bss)
 .bss           0x200000e8       0x1c /opt/ST/STM32CubeCLT_1.21.0/GNU-tools-for-STM32/bin/../lib/gcc/arm-none-eabi/14.3.1/thumb/v7-m/nofp/crtbegin.o
 *(.bss*)
 .bss.uwTick    0x20000104        0x4 cmake/stm32cubemx/CMakeFiles/STM32_Drivers.dir/__/__/Drivers/STM32F1xx_HAL_Driver/Src/stm32f1xx_hal.c.obj
                0x20000104                uwTick
 .bss.hspi1     0x20000108       0x58 CMakeFiles/Embedded_system.dir/Core/Src/peripheral/spi/spi.c.obj
                0x20000108                hspi1
 .bss.htim1     0x20000160       0x48 CMakeFiles/Embedded_system.dir/Core/Src/peripheral/tim/tim.c.obj
                0x20000160                htim1
 .bss.CURRENT_PIECE
                0x200001a8       0x80 CMakeFiles/Embedded_system.dir/Core/Src/tetris_game/generate_piece_driver/pieces.c.obj
                0x200001a8                CURRENT_PIECE
 .bss.random_index
                0x20000228        0x1 CMakeFiles/Embedded_system.dir/Core/Src/tetris_game/generate_piece_driver/pieces.c.obj
                0x20000228                random_index
 *fill*         0x20000229        0x3 
 .bss.hi2c1     0x2000022c       0x54 CMakeFiles/Embedded_system.dir/Core/Src/peripheral/i2c/i2c/i2c.c.obj
                0x2000022c                hi2c1
 .bss.huart1    0x20000280       0x48 CMakeFiles/Embedded_system.dir/Core/Src/peripheral/usart/usart.c.obj
                0x20000280                huart1
 .bss.usart1_rx_byte
                0x200002c8        0x1 CMakeFiles/Embedded_system.dir/Core/Src/peripheral/usart/usart.c.obj
                0x200002c8                usart1_rx_byte
 .bss.usart1_rx_flag
                0x200002c9        0x1 CMakeFiles/Embedded_system.dir/Core/Src/peripheral/usart/usart.c.obj
                0x200002c9                usart1_rx_flag
 *fill*         0x200002ca        0x2 
 .bss.lora_rx_buffer
                0x200002cc       0x80 CMakeFiles/Embedded_system.dir/Core/Src/lora_transmit/lora_receive/lora_receive.c.obj
 .bss.lora_rx_write_index
                0x2000034c        0x2 CMakeFiles/Embedded_system.dir/Core/Src/lora_transmit/lora_receive/lora_receive.c.obj
 .bss.lora_rx_read_index
                0x2000034e        0x2 CMakeFiles/Embedded_system.dir/Core/Src/lora_transmit/lora_receive/lora_receive.c.obj
 .bss.rx_string_buffer
                0x20000350       0x40 CMakeFiles/Embedded_system.dir/Core/Src/main.c.obj
                0x20000350                rx_string_buffer
 .bss.__sbrk_heap_end
                0x20000390        0x4 CMakeFiles/Embedded_system.dir/Core/Src/sysmem.c.obj
 .bss.__sf      0x20000394      0x138 /opt/ST/STM32CubeCLT_1.21.0/GNU-tools-for-STM32/bin/../lib/gcc/arm-none-eabi/14.3.1/../../../../arm-none-eabi/lib/thumb/v7-m/nofp/libg_nano.a(libc_a-findfp.o)
                0x20000394                __sf
 .bss.__stdio_exit_handler
                0x200004cc        0x4 /opt/ST/STM32CubeCLT_1.21.0/GNU-tools-for-STM32/bin/../lib/gcc/arm-none-eabi/14.3.1/../../../../arm-none-eabi/lib/thumb/v7-m/nofp/libg_nano.a(libc_a-findfp.o)
                0x200004cc                __stdio_exit_handler
 .bss.__lock___malloc_recursive_mutex
                0x200004d0        0x1 /opt/ST/STM32CubeCLT_1.21.0/GNU-tools-for-STM32/bin/../lib/gcc/arm-none-eabi/14.3.1/../../../../arm-none-eabi/lib/thumb/v7-m/nofp/libg_nano.a(libc_a-lock.o)
                0x200004d0                __lock___malloc_recursive_mutex
 .bss.__lock___sfp_recursive_mutex
                0x200004d1        0x1 /opt/ST/STM32CubeCLT_1.21.0/GNU-tools-for-STM32/bin/../lib/gcc/arm-none-eabi/14.3.1/../../../../arm-none-eabi/lib/thumb/v7-m/nofp/libg_nano.a(libc_a-lock.o)
                0x200004d1                __lock___sfp_recursive_mutex
 *fill*         0x200004d2        0x2 
 .bss.errno     0x200004d4        0x4 /opt/ST/STM32CubeCLT_1.21.0/GNU-tools-for-STM32/bin/../lib/gcc/arm-none-eabi/14.3.1/../../../../arm-none-eabi/lib/thumb/v7-m/nofp/libg_nano.a(libc_a-reent.o)
                0x200004d4                errno
 .bss.__malloc_sbrk_start
                0x200004d8        0x4 /opt/ST/STM32CubeCLT_1.21.0/GNU-tools-for-STM32/bin/../lib/gcc/arm-none-eabi/14.3.1/../../../../arm-none-eabi/lib/thumb/v7-m/nofp/libg_nano.a(libc_a-mallocr.o)
                0x200004d8                __malloc_sbrk_start
 .bss.__malloc_free_list
                0x200004dc        0x4 /opt/ST/STM32CubeCLT_1.21.0/GNU-tools-for-STM32/bin/../lib/gcc/arm-none-eabi/14.3.1/../../../../arm-none-eabi/lib/thumb/v7-m/nofp/libg_nano.a(libc_a-mallocr.o)
                0x200004dc                __malloc_free_list
 *(COMMON)
                0x200004e0                        . = ALIGN (0x4)
                0x200004e0                        _ebss = .
                0x200004e0                        __bss_end__ = _ebss
                [!provide]                        PROVIDE (__bss_end = .)
                [!provide]                        PROVIDE (__non_tls_bss_start = ADDR (.bss))
                [!provide]                        PROVIDE (__bss_start = __tbss_start)
                [!provide]                        PROVIDE (__bss_size = (__bss_end - __bss_start))

._user_heap_stack
                0x200004e0      0x600 load address 0x08006f48
                0x200004e0                        . = ALIGN (0x8)
                [!provide]                        PROVIDE (end = .)
                0x200004e0                        PROVIDE (_end = .)
                0x200006e0                        . = (. + _Min_Heap_Size)
 *fill*         0x200004e0      0x200 
                0x20000ae0                        . = (. + _Min_Stack_Size)
 *fill*         0x200006e0      0x400 
                0x20000ae0                        . = ALIGN (0x8)

/DISCARD/
 libc.a:*(*)
 libm.a:*(*)
 libgcc.a:*(*)
OUTPUT(Embedded_system.elf elf32-littlearm)
LOAD linker stubs

.ARM.attributes
                0x00000000       0x29
 .ARM.attributes
                0x00000000       0x1d /opt/ST/STM32CubeCLT_1.21.0/GNU-tools-for-STM32/bin/../lib/gcc/arm-none-eabi/14.3.1/thumb/v7-m/nofp/crti.o
 .ARM.attributes
                0x0000001d       0x2d /opt/ST/STM32CubeCLT_1.21.0/GNU-tools-for-STM32/bin/../lib/gcc/arm-none-eabi/14.3.1/thumb/v7-m/nofp/crtbegin.o
 .ARM.attributes
                0x0000004a       0x2d cmake/stm32cubemx/CMakeFiles/STM32_Drivers.dir/__/__/Core/Src/system_stm32f1xx.c.obj
 .ARM.attributes
                0x00000077       0x2d cmake/stm32cubemx/CMakeFiles/STM32_Drivers.dir/__/__/Drivers/STM32F1xx_HAL_Driver/Src/stm32f1xx_hal_i2c.c.obj
 .ARM.attributes
                0x000000a4       0x2d cmake/stm32cubemx/CMakeFiles/STM32_Drivers.dir/__/__/Drivers/STM32F1xx_HAL_Driver/Src/stm32f1xx_hal.c.obj
 .ARM.attributes
                0x000000d1       0x2d cmake/stm32cubemx/CMakeFiles/STM32_Drivers.dir/__/__/Drivers/STM32F1xx_HAL_Driver/Src/stm32f1xx_hal_rcc.c.obj
 .ARM.attributes
                0x000000fe       0x2d cmake/stm32cubemx/CMakeFiles/STM32_Drivers.dir/__/__/Drivers/STM32F1xx_HAL_Driver/Src/stm32f1xx_hal_gpio.c.obj
 .ARM.attributes
                0x0000012b       0x2d cmake/stm32cubemx/CMakeFiles/STM32_Drivers.dir/__/__/Drivers/STM32F1xx_HAL_Driver/Src/stm32f1xx_hal_dma.c.obj
 .ARM.attributes
                0x00000158       0x2d cmake/stm32cubemx/CMakeFiles/STM32_Drivers.dir/__/__/Drivers/STM32F1xx_HAL_Driver/Src/stm32f1xx_hal_cortex.c.obj
 .ARM.attributes
                0x00000185       0x2d cmake/stm32cubemx/CMakeFiles/STM32_Drivers.dir/__/__/Drivers/STM32F1xx_HAL_Driver/Src/stm32f1xx_hal_spi.c.obj
 .ARM.attributes
                0x000001b2       0x2d cmake/stm32cubemx/CMakeFiles/STM32_Drivers.dir/__/__/Drivers/STM32F1xx_HAL_Driver/Src/stm32f1xx_hal_uart.c.obj
 .ARM.attributes
                0x000001df       0x2d cmake/stm32cubemx/CMakeFiles/STM32_Drivers.dir/__/__/Drivers/STM32F1xx_HAL_Driver/Src/stm32f1xx_hal_tim.c.obj
 .ARM.attributes
                0x0000020c       0x2d cmake/stm32cubemx/CMakeFiles/STM32_Drivers.dir/__/__/Drivers/STM32F1xx_HAL_Driver/Src/stm32f1xx_hal_tim_ex.c.obj
 .ARM.attributes
                0x00000239       0x2d CMakeFiles/Embedded_system.dir/Core/Src/tetris_game/tetris_factory/tetris_factory.c.obj
 .ARM.attributes
                0x00000266       0x2d CMakeFiles/Embedded_system.dir/Core/Src/tetris_game/ICMax7219_driver/ICMax7219_driver.c.obj
 .ARM.attributes
                0x00000293       0x2d CMakeFiles/Embedded_system.dir/Core/Src/peripheral/spi/spi.c.obj
 .ARM.attributes
                0x000002c0       0x2d CMakeFiles/Embedded_system.dir/Core/Src/peripheral/gpio/gpio.c.obj
 .ARM.attributes
                0x000002ed       0x2d CMakeFiles/Embedded_system.dir/Core/Src/peripheral/rcc/rcc.c.obj
 .ARM.attributes
                0x0000031a       0x2d CMakeFiles/Embedded_system.dir/Core/Src/peripheral/tim/tim.c.obj
 .ARM.attributes
                0x00000347       0x2d CMakeFiles/Embedded_system.dir/Core/Src/tetris_game/generate_piece_driver/pieces.c.obj
 .ARM.attributes
                0x00000374       0x2d CMakeFiles/Embedded_system.dir/Core/Src/peripheral/i2c/i2c/i2c.c.obj
 .ARM.attributes
                0x000003a1       0x2d CMakeFiles/Embedded_system.dir/Core/Src/peripheral/i2c/lcd_config/lcd_config.c.obj
 .ARM.attributes
                0x000003ce       0x2d CMakeFiles/Embedded_system.dir/Core/Src/peripheral/usart/usart.c.obj
 .ARM.attributes
                0x000003fb       0x2d CMakeFiles/Embedded_system.dir/Core/Src/lora_transmit/lora_receive/lora_receive.c.obj
 .ARM.attributes
                0x00000428       0x2d CMakeFiles/Embedded_system.dir/Core/Src/lora_transmit/lora_config/lora_config.c.obj
 .ARM.attributes
                0x00000455       0x2d CMakeFiles/Embedded_system.dir/Core/Src/interrupt/interrupt.c.obj
 .ARM.attributes
                0x00000482       0x2d CMakeFiles/Embedded_system.dir/Core/Src/main.c.obj
 .ARM.attributes
                0x000004af       0x2d CMakeFiles/Embedded_system.dir/Core/Src/stm32f1xx_it.c.obj
 .ARM.attributes
                0x000004dc       0x2d CMakeFiles/Embedded_system.dir/Core/Src/stm32f1xx_hal_msp.c.obj
 .ARM.attributes
                0x00000509       0x2d CMakeFiles/Embedded_system.dir/Core/Src/sysmem.c.obj
 .ARM.attributes
                0x00000536       0x2d CMakeFiles/Embedded_system.dir/Core/Src/syscalls.c.obj
 .ARM.attributes
                0x00000563       0x21 CMakeFiles/Embedded_system.dir/startup_stm32f103xb.s.obj
 .ARM.attributes
                0x00000584       0x2d /opt/ST/STM32CubeCLT_1.21.0/GNU-tools-for-STM32/bin/../lib/gcc/arm-none-eabi/14.3.1/../../../../arm-none-eabi/lib/thumb/v7-m/nofp/libg_nano.a(libc_a-snprintf.o)
 .ARM.attributes
                0x000005b1       0x2d /opt/ST/STM32CubeCLT_1.21.0/GNU-tools-for-STM32/bin/../lib/gcc/arm-none-eabi/14.3.1/../../../../arm-none-eabi/lib/thumb/v7-m/nofp/libg_nano.a(libc_a-sscanf.o)
 .ARM.attributes
                0x000005de       0x2d /opt/ST/STM32CubeCLT_1.21.0/GNU-tools-for-STM32/bin/../lib/gcc/arm-none-eabi/14.3.1/../../../../arm-none-eabi/lib/thumb/v7-m/nofp/libg_nano.a(libc_a-stdio.o)
 .ARM.attributes
                0x0000060b       0x2d /opt/ST/STM32CubeCLT_1.21.0/GNU-tools-for-STM32/bin/../lib/gcc/arm-none-eabi/14.3.1/../../../../arm-none-eabi/lib/thumb/v7-m/nofp/libg_nano.a(libc_a-rand.o)
 .ARM.attributes
                0x00000638       0x2d /opt/ST/STM32CubeCLT_1.21.0/GNU-tools-for-STM32/bin/../lib/gcc/arm-none-eabi/14.3.1/../../../../arm-none-eabi/lib/thumb/v7-m/nofp/libg_nano.a(libc_a-findfp.o)
 .ARM.attributes
                0x00000665       0x2d /opt/ST/STM32CubeCLT_1.21.0/GNU-tools-for-STM32/bin/../lib/gcc/arm-none-eabi/14.3.1/../../../../arm-none-eabi/lib/thumb/v7-m/nofp/libg_nano.a(libc_a-fwalk.o)
 .ARM.attributes
                0x00000692       0x2d /opt/ST/STM32CubeCLT_1.21.0/GNU-tools-for-STM32/bin/../lib/gcc/arm-none-eabi/14.3.1/../../../../arm-none-eabi/lib/thumb/v7-m/nofp/libg_nano.a(libc_a-memcmp.o)
 .ARM.attributes
                0x000006bf       0x2d /opt/ST/STM32CubeCLT_1.21.0/GNU-tools-for-STM32/bin/../lib/gcc/arm-none-eabi/14.3.1/../../../../arm-none-eabi/lib/thumb/v7-m/nofp/libg_nano.a(libc_a-memset.o)
 .ARM.attributes
                0x000006ec       0x2d /opt/ST/STM32CubeCLT_1.21.0/GNU-tools-for-STM32/bin/../lib/gcc/arm-none-eabi/14.3.1/../../../../arm-none-eabi/lib/thumb/v7-m/nofp/libg_nano.a(libc_a-lseekr.o)
 .ARM.attributes
                0x00000719       0x2d /opt/ST/STM32CubeCLT_1.21.0/GNU-tools-for-STM32/bin/../lib/gcc/arm-none-eabi/14.3.1/../../../../arm-none-eabi/lib/thumb/v7-m/nofp/libg_nano.a(libc_a-readr.o)
 .ARM.attributes
                0x00000746       0x2d /opt/ST/STM32CubeCLT_1.21.0/GNU-tools-for-STM32/bin/../lib/gcc/arm-none-eabi/14.3.1/../../../../arm-none-eabi/lib/thumb/v7-m/nofp/libg_nano.a(libc_a-writer.o)
 .ARM.attributes
                0x00000773       0x2d /opt/ST/STM32CubeCLT_1.21.0/GNU-tools-for-STM32/bin/../lib/gcc/arm-none-eabi/14.3.1/../../../../arm-none-eabi/lib/thumb/v7-m/nofp/libg_nano.a(libc_a-errno.o)
 .ARM.attributes
                0x000007a0       0x2d /opt/ST/STM32CubeCLT_1.21.0/GNU-tools-for-STM32/bin/../lib/gcc/arm-none-eabi/14.3.1/../../../../arm-none-eabi/lib/thumb/v7-m/nofp/libg_nano.a(libc_a-init.o)
 .ARM.attributes
                0x000007cd       0x2d /opt/ST/STM32CubeCLT_1.21.0/GNU-tools-for-STM32/bin/../lib/gcc/arm-none-eabi/14.3.1/../../../../arm-none-eabi/lib/thumb/v7-m/nofp/libg_nano.a(libc_a-lock.o)
 .ARM.attributes
                0x000007fa       0x2d /opt/ST/STM32CubeCLT_1.21.0/GNU-tools-for-STM32/bin/../lib/gcc/arm-none-eabi/14.3.1/../../../../arm-none-eabi/lib/thumb/v7-m/nofp/libg_nano.a(libc_a-closer.o)
 .ARM.attributes
                0x00000827       0x2d /opt/ST/STM32CubeCLT_1.21.0/GNU-tools-for-STM32/bin/../lib/gcc/arm-none-eabi/14.3.1/../../../../arm-none-eabi/lib/thumb/v7-m/nofp/libg_nano.a(libc_a-reent.o)
 .ARM.attributes
                0x00000854       0x2d /opt/ST/STM32CubeCLT_1.21.0/GNU-tools-for-STM32/bin/../lib/gcc/arm-none-eabi/14.3.1/../../../../arm-none-eabi/lib/thumb/v7-m/nofp/libg_nano.a(libc_a-impure.o)
 .ARM.attributes
                0x00000881       0x17 /opt/ST/STM32CubeCLT_1.21.0/GNU-tools-for-STM32/bin/../lib/gcc/arm-none-eabi/14.3.1/../../../../arm-none-eabi/lib/thumb/v7-m/nofp/libg_nano.a(libc_a-strlen.o)
 .ARM.attributes
                0x00000898       0x2d /opt/ST/STM32CubeCLT_1.21.0/GNU-tools-for-STM32/bin/../lib/gcc/arm-none-eabi/14.3.1/../../../../arm-none-eabi/lib/thumb/v7-m/nofp/libg_nano.a(libc_a-assert.o)
 .ARM.attributes
                0x000008c5       0x2d /opt/ST/STM32CubeCLT_1.21.0/GNU-tools-for-STM32/bin/../lib/gcc/arm-none-eabi/14.3.1/../../../../arm-none-eabi/lib/thumb/v7-m/nofp/libg_nano.a(libc_a-freer.o)
 .ARM.attributes
                0x000008f2       0x2d /opt/ST/STM32CubeCLT_1.21.0/GNU-tools-for-STM32/bin/../lib/gcc/arm-none-eabi/14.3.1/../../../../arm-none-eabi/lib/thumb/v7-m/nofp/libg_nano.a(libc_a-nano-svfprintf.o)
 .ARM.attributes
                0x0000091f       0x2d /opt/ST/STM32CubeCLT_1.21.0/GNU-tools-for-STM32/bin/../lib/gcc/arm-none-eabi/14.3.1/../../../../arm-none-eabi/lib/thumb/v7-m/nofp/libg_nano.a(libc_a-nano-svfscanf.o)
 .ARM.attributes
                0x0000094c       0x2d /opt/ST/STM32CubeCLT_1.21.0/GNU-tools-for-STM32/bin/../lib/gcc/arm-none-eabi/14.3.1/../../../../arm-none-eabi/lib/thumb/v7-m/nofp/libg_nano.a(libc_a-malloc.o)
 .ARM.attributes
                0x00000979       0x2d /opt/ST/STM32CubeCLT_1.21.0/GNU-tools-for-STM32/bin/../lib/gcc/arm-none-eabi/14.3.1/../../../../arm-none-eabi/lib/thumb/v7-m/nofp/libg_nano.a(libc_a-mallocr.o)
 .ARM.attributes
                0x000009a6       0x2d /opt/ST/STM32CubeCLT_1.21.0/GNU-tools-for-STM32/bin/../lib/gcc/arm-none-eabi/14.3.1/../../../../arm-none-eabi/lib/thumb/v7-m/nofp/libg_nano.a(libc_a-nano-vfprintf_i.o)
 .ARM.attributes
                0x000009d3       0x2d /opt/ST/STM32CubeCLT_1.21.0/GNU-tools-for-STM32/bin/../lib/gcc/arm-none-eabi/14.3.1/../../../../arm-none-eabi/lib/thumb/v7-m/nofp/libg_nano.a(libc_a-nano-vfscanf_i.o)
 .ARM.attributes
                0x00000a00       0x2d /opt/ST/STM32CubeCLT_1.21.0/GNU-tools-for-STM32/bin/../lib/gcc/arm-none-eabi/14.3.1/../../../../arm-none-eabi/lib/thumb/v7-m/nofp/libg_nano.a(libc_a-sccl.o)
 .ARM.attributes
                0x00000a2d       0x2d /opt/ST/STM32CubeCLT_1.21.0/GNU-tools-for-STM32/bin/../lib/gcc/arm-none-eabi/14.3.1/../../../../arm-none-eabi/lib/thumb/v7-m/nofp/libg_nano.a(libc_a-fflush.o)
 .ARM.attributes
                0x00000a5a       0x2d /opt/ST/STM32CubeCLT_1.21.0/GNU-tools-for-STM32/bin/../lib/gcc/arm-none-eabi/14.3.1/../../../../arm-none-eabi/lib/thumb/v7-m/nofp/libg_nano.a(libc_a-mlock.o)
 .ARM.attributes
                0x00000a87       0x2d /opt/ST/STM32CubeCLT_1.21.0/GNU-tools-for-STM32/bin/../lib/gcc/arm-none-eabi/14.3.1/../../../../arm-none-eabi/lib/thumb/v7-m/nofp/libg_nano.a(libc_a-ungetc.o)
 .ARM.attributes
                0x00000ab4       0x2d /opt/ST/STM32CubeCLT_1.21.0/GNU-tools-for-STM32/bin/../lib/gcc/arm-none-eabi/14.3.1/../../../../arm-none-eabi/lib/thumb/v7-m/nofp/libg_nano.a(libc_a-fprintf.o)
 .ARM.attributes
                0x00000ae1       0x2d /opt/ST/STM32CubeCLT_1.21.0/GNU-tools-for-STM32/bin/../lib/gcc/arm-none-eabi/14.3.1/../../../../arm-none-eabi/lib/thumb/v7-m/nofp/libg_nano.a(libc_a-reallocr.o)
 .ARM.attributes
                0x00000b0e       0x2d /opt/ST/STM32CubeCLT_1.21.0/GNU-tools-for-STM32/bin/../lib/gcc/arm-none-eabi/14.3.1/../../../../arm-none-eabi/lib/thumb/v7-m/nofp/libg_nano.a(libc_a-strtol.o)
 .ARM.attributes
                0x00000b3b       0x2d /opt/ST/STM32CubeCLT_1.21.0/GNU-tools-for-STM32/bin/../lib/gcc/arm-none-eabi/14.3.1/../../../../arm-none-eabi/lib/thumb/v7-m/nofp/libg_nano.a(libc_a-strtoul.o)
 .ARM.attributes
                0x00000b68       0x2d /opt/ST/STM32CubeCLT_1.21.0/GNU-tools-for-STM32/bin/../lib/gcc/arm-none-eabi/14.3.1/../../../../arm-none-eabi/lib/thumb/v7-m/nofp/libg_nano.a(libc_a-memmove.o)
 .ARM.attributes
                0x00000b95       0x2d /opt/ST/STM32CubeCLT_1.21.0/GNU-tools-for-STM32/bin/../lib/gcc/arm-none-eabi/14.3.1/../../../../arm-none-eabi/lib/thumb/v7-m/nofp/libg_nano.a(libc_a-sbrkr.o)
 .ARM.attributes
                0x00000bc2       0x2d /opt/ST/STM32CubeCLT_1.21.0/GNU-tools-for-STM32/bin/../lib/gcc/arm-none-eabi/14.3.1/../../../../arm-none-eabi/lib/thumb/v7-m/nofp/libg_nano.a(libc_a-memchr-stub.o)
 .ARM.attributes
                0x00000bef       0x2d /opt/ST/STM32CubeCLT_1.21.0/GNU-tools-for-STM32/bin/../lib/gcc/arm-none-eabi/14.3.1/../../../../arm-none-eabi/lib/thumb/v7-m/nofp/libg_nano.a(libc_a-memcpy-stub.o)
 .ARM.attributes
                0x00000c1c       0x2d /opt/ST/STM32CubeCLT_1.21.0/GNU-tools-for-STM32/bin/../lib/gcc/arm-none-eabi/14.3.1/../../../../arm-none-eabi/lib/thumb/v7-m/nofp/libg_nano.a(libc_a-ctype_.o)
 .ARM.attributes
                0x00000c49       0x2d /opt/ST/STM32CubeCLT_1.21.0/GNU-tools-for-STM32/bin/../lib/gcc/arm-none-eabi/14.3.1/../../../../arm-none-eabi/lib/thumb/v7-m/nofp/libg_nano.a(libc_a-abort.o)
 .ARM.attributes
                0x00000c76       0x2d /opt/ST/STM32CubeCLT_1.21.0/GNU-tools-for-STM32/bin/../lib/gcc/arm-none-eabi/14.3.1/../../../../arm-none-eabi/lib/thumb/v7-m/nofp/libg_nano.a(libc_a-nano-vfprintf.o)
 .ARM.attributes
                0x00000ca3       0x2d /opt/ST/STM32CubeCLT_1.21.0/GNU-tools-for-STM32/bin/../lib/gcc/arm-none-eabi/14.3.1/../../../../arm-none-eabi/lib/thumb/v7-m/nofp/libg_nano.a(libc_a-msizer.o)
 .ARM.attributes
                0x00000cd0       0x2d /opt/ST/STM32CubeCLT_1.21.0/GNU-tools-for-STM32/bin/../lib/gcc/arm-none-eabi/14.3.1/../../../../arm-none-eabi/lib/thumb/v7-m/nofp/libg_nano.a(libc_a-wbuf.o)
 .ARM.attributes
                0x00000cfd       0x2d /opt/ST/STM32CubeCLT_1.21.0/GNU-tools-for-STM32/bin/../lib/gcc/arm-none-eabi/14.3.1/../../../../arm-none-eabi/lib/thumb/v7-m/nofp/libg_nano.a(libc_a-wsetup.o)
 .ARM.attributes
                0x00000d2a       0x2d /opt/ST/STM32CubeCLT_1.21.0/GNU-tools-for-STM32/bin/../lib/gcc/arm-none-eabi/14.3.1/../../../../arm-none-eabi/lib/thumb/v7-m/nofp/libg_nano.a(libc_a-makebuf.o)
 .ARM.attributes
                0x00000d57       0x2d /opt/ST/STM32CubeCLT_1.21.0/GNU-tools-for-STM32/bin/../lib/gcc/arm-none-eabi/14.3.1/../../../../arm-none-eabi/lib/thumb/v7-m/nofp/libg_nano.a(libc_a-signal.o)
 .ARM.attributes
                0x00000d84       0x2d /opt/ST/STM32CubeCLT_1.21.0/GNU-tools-for-STM32/bin/../lib/gcc/arm-none-eabi/14.3.1/../../../../arm-none-eabi/lib/thumb/v7-m/nofp/libg_nano.a(libc_a-isattyr.o)
 .ARM.attributes
                0x00000db1       0x2d /opt/ST/STM32CubeCLT_1.21.0/GNU-tools-for-STM32/bin/../lib/gcc/arm-none-eabi/14.3.1/../../../../arm-none-eabi/lib/thumb/v7-m/nofp/libg_nano.a(libc_a-signalr.o)
 .ARM.attributes
                0x00000dde       0x2d /opt/ST/STM32CubeCLT_1.21.0/GNU-tools-for-STM32/bin/../lib/gcc/arm-none-eabi/14.3.1/../../../../arm-none-eabi/lib/thumb/v7-m/nofp/libg_nano.a(libc_a-fstatr.o)
 .ARM.attributes
                0x00000e0b       0x1d /opt/ST/STM32CubeCLT_1.21.0/GNU-tools-for-STM32/bin/../lib/gcc/arm-none-eabi/14.3.1/thumb/v7-m/nofp/crtn.o

.comment        0x00000000       0x43
 .comment       0x00000000       0x43 cmake/stm32cubemx/CMakeFiles/STM32_Drivers.dir/__/__/Core/Src/system_stm32f1xx.c.obj
                                 0x44 (size before relaxing)
 .comment       0x00000043       0x44 cmake/stm32cubemx/CMakeFiles/STM32_Drivers.dir/__/__/Drivers/STM32F1xx_HAL_Driver/Src/stm32f1xx_hal_i2c.c.obj
 .comment       0x00000043       0x44 cmake/stm32cubemx/CMakeFiles/STM32_Drivers.dir/__/__/Drivers/STM32F1xx_HAL_Driver/Src/stm32f1xx_hal.c.obj
 .comment       0x00000043       0x44 cmake/stm32cubemx/CMakeFiles/STM32_Drivers.dir/__/__/Drivers/STM32F1xx_HAL_Driver/Src/stm32f1xx_hal_rcc.c.obj
 .comment       0x00000043       0x44 cmake/stm32cubemx/CMakeFiles/STM32_Drivers.dir/__/__/Drivers/STM32F1xx_HAL_Driver/Src/stm32f1xx_hal_gpio.c.obj
 .comment       0x00000043       0x44 cmake/stm32cubemx/CMakeFiles/STM32_Drivers.dir/__/__/Drivers/STM32F1xx_HAL_Driver/Src/stm32f1xx_hal_dma.c.obj
 .comment       0x00000043       0x44 cmake/stm32cubemx/CMakeFiles/STM32_Drivers.dir/__/__/Drivers/STM32F1xx_HAL_Driver/Src/stm32f1xx_hal_cortex.c.obj
 .comment       0x00000043       0x44 cmake/stm32cubemx/CMakeFiles/STM32_Drivers.dir/__/__/Drivers/STM32F1xx_HAL_Driver/Src/stm32f1xx_hal_spi.c.obj
 .comment       0x00000043       0x44 cmake/stm32cubemx/CMakeFiles/STM32_Drivers.dir/__/__/Drivers/STM32F1xx_HAL_Driver/Src/stm32f1xx_hal_uart.c.obj
 .comment       0x00000043       0x44 cmake/stm32cubemx/CMakeFiles/STM32_Drivers.dir/__/__/Drivers/STM32F1xx_HAL_Driver/Src/stm32f1xx_hal_tim.c.obj
 .comment       0x00000043       0x44 cmake/stm32cubemx/CMakeFiles/STM32_Drivers.dir/__/__/Drivers/STM32F1xx_HAL_Driver/Src/stm32f1xx_hal_tim_ex.c.obj
 .comment       0x00000043       0x44 CMakeFiles/Embedded_system.dir/Core/Src/tetris_game/tetris_factory/tetris_factory.c.obj
 .comment       0x00000043       0x44 CMakeFiles/Embedded_system.dir/Core/Src/tetris_game/ICMax7219_driver/ICMax7219_driver.c.obj
 .comment       0x00000043       0x44 CMakeFiles/Embedded_system.dir/Core/Src/peripheral/spi/spi.c.obj
 .comment       0x00000043       0x44 CMakeFiles/Embedded_system.dir/Core/Src/peripheral/gpio/gpio.c.obj
 .comment       0x00000043       0x44 CMakeFiles/Embedded_system.dir/Core/Src/peripheral/rcc/rcc.c.obj
 .comment       0x00000043       0x44 CMakeFiles/Embedded_system.dir/Core/Src/peripheral/tim/tim.c.obj
 .comment       0x00000043       0x44 CMakeFiles/Embedded_system.dir/Core/Src/tetris_game/generate_piece_driver/pieces.c.obj